--------- beginning of main
08-05 16:16:16.675 12220 12220 I VIVA_BENCH_INJECT: VIVA_BENCH_INJECT|0562bdb9-7ffe-4a2d-9766-9a662e756af4|injected_text|Viva ơi hạ điều hòa xuống 24 độ
08-05 16:16:16.685 12220 12220 I VIVA_TRACE: VIVA_TRACE|0562bdb9-7ffe-4a2d-9766-9a662e756af4|nlu_done|3313684570800
08-05 16:16:16.694 12220 12220 I VIVA_TRACE: VIVA_TRACE|0562bdb9-7ffe-4a2d-9766-9a662e756af4|exec_done|3313693992400
08-05 16:16:17.760 12220 12235 I VIVA_TRACE: VIVA_TRACE|0562bdb9-7ffe-4a2d-9766-9a662e756af4|tts_start|3314759063200
08-05 16:16:20.541 12220 12220 I VIVA_TRACE: VIVA_TRACE_SUMMARY|0562bdb9-7ffe-4a2d-9766-9a662e756af4|Viva ơi hạ điều hòa xuống 24 độ|hvac_set_temp|Allow|e2e_ms=0
--------- beginning of main
08-05 16:16:26.519 12220 12220 I VIVA_BENCH_INJECT: VIVA_BENCH_INJECT|4042eee9-c545-4de0-a364-a2637ab0d782|injected_text|hạ điều hòa xuống 22 độ
08-05 16:16:26.522 12220 12220 I VIVA_TRACE: VIVA_TRACE|4042eee9-c545-4de0-a364-a2637ab0d782|nlu_done|3323522058700
08-05 16:16:26.523 12220 12220 I VIVA_TRACE: VIVA_TRACE|4042eee9-c545-4de0-a364-a2637ab0d782|exec_done|3323523307700
08-05 16:16:26.824 12220 12238 I VIVA_TRACE: VIVA_TRACE|4042eee9-c545-4de0-a364-a2637ab0d782|tts_start|3323824490300
08-05 16:16:29.651 12220 12220 I VIVA_TRACE: VIVA_TRACE_SUMMARY|4042eee9-c545-4de0-a364-a2637ab0d782|hạ điều hòa xuống 22 độ|hvac_set_temp|Allow|e2e_ms=0
--------- beginning of main
08-05 16:16:35.262 12220 12220 I VIVA_BENCH_INJECT: VIVA_BENCH_INJECT|96a1b13c-d358-4852-93b3-bbf817b1fa3b|injected_text|đặt nhiệt độ 26 độ
08-05 16:16:35.265 12220 12220 I VIVA_TRACE: VIVA_TRACE|96a1b13c-d358-4852-93b3-bbf817b1fa3b|nlu_done|3332265614300
08-05 16:16:35.266 12220 12220 I VIVA_TRACE: VIVA_TRACE|96a1b13c-d358-4852-93b3-bbf817b1fa3b|exec_done|3332266891800
08-05 16:16:35.553 12220 12235 I VIVA_TRACE: VIVA_TRACE|96a1b13c-d358-4852-93b3-bbf817b1fa3b|tts_start|3332553398500
08-05 16:16:38.388 12220 12220 I VIVA_TRACE: VIVA_TRACE_SUMMARY|96a1b13c-d358-4852-93b3-bbf817b1fa3b|đặt nhiệt độ 26 độ|hvac_set_temp|Allow|e2e_ms=0
--------- beginning of main
08-05 16:16:43.986 12220 12220 I VIVA_BENCH_INJECT: VIVA_BENCH_INJECT|cd5dc21e-945a-484c-b542-aedce34404fd|injected_text|đặt nhiệt độ 40 độ
08-05 16:16:43.989 12220 12220 I VIVA_TRACE: VIVA_TRACE|cd5dc21e-945a-484c-b542-aedce34404fd|nlu_done|3340989517900
08-05 16:16:44.265 12220 12898 I VIVA_TRACE: VIVA_TRACE|cd5dc21e-945a-484c-b542-aedce34404fd|tts_start|3341264926100
08-05 16:16:49.670 12220 12220 I VIVA_TRACE: VIVA_TRACE_SUMMARY|cd5dc21e-945a-484c-b542-aedce34404fd|đặt nhiệt độ 40 độ|clarify|Confirm:CLARIFY_SLOT|e2e_ms=0
--------- beginning of main
08-05 16:16:55.476 12220 12220 I VIVA_BENCH_INJECT: VIVA_BENCH_INJECT|acd8d7e1-addc-424c-b4c1-b1abf1735ed6|injected_text|quạt mức 2
08-05 16:16:55.478 12220 12220 I VIVA_TRACE: VIVA_TRACE|acd8d7e1-addc-424c-b4c1-b1abf1735ed6|nlu_done|3352478068200
08-05 16:16:55.478 12220 12220 I VIVA_TRACE: VIVA_TRACE|acd8d7e1-addc-424c-b4c1-b1abf1735ed6|exec_done|3352478636600
08-05 16:16:55.728 12220 12808 I VIVA_TRACE: VIVA_TRACE|acd8d7e1-addc-424c-b4c1-b1abf1735ed6|tts_start|3352727961300
08-05 16:16:57.399 12220 12220 I VIVA_TRACE: VIVA_TRACE_SUMMARY|acd8d7e1-addc-424c-b4c1-b1abf1735ed6|quạt mức 2|hvac_set_fan|Allow|e2e_ms=0
--------- beginning of main
08-05 16:17:03.405 12220 12220 I VIVA_BENCH_INJECT: VIVA_BENCH_INJECT|8bcb070b-f487-449e-af4f-90bd4f1e15d8|injected_text|quạt mạnh lên
08-05 16:17:03.407 12220 12220 I VIVA_TRACE: VIVA_TRACE|8bcb070b-f487-449e-af4f-90bd4f1e15d8|nlu_done|3360407503300
08-05 16:17:03.738 12220 12942 I VIVA_TRACE: VIVA_TRACE|8bcb070b-f487-449e-af4f-90bd4f1e15d8|tts_start|3360738734000
08-05 16:17:07.146 12220 12220 I VIVA_TRACE: VIVA_TRACE_SUMMARY|8bcb070b-f487-449e-af4f-90bd4f1e15d8|quạt mạnh lên|clarify|Confirm:CLARIFY_SLOT|e2e_ms=0
--------- beginning of main
08-05 16:17:13.107 12220 12220 I VIVA_BENCH_INJECT: VIVA_BENCH_INJECT|dde318c7-5024-4f2b-b69e-442f462d0cb0|injected_text|quạt mức 3
08-05 16:17:13.109 12220 12220 I VIVA_TRACE: VIVA_TRACE|dde318c7-5024-4f2b-b69e-442f462d0cb0|nlu_done|3370108935500
08-05 16:17:13.109 12220 12220 I VIVA_TRACE: VIVA_TRACE|dde318c7-5024-4f2b-b69e-442f462d0cb0|exec_done|3370109646900
08-05 16:17:13.394 12220 12238 I VIVA_TRACE: VIVA_TRACE|dde318c7-5024-4f2b-b69e-442f462d0cb0|tts_start|3370394709600
08-05 16:17:15.051 12220 12220 I VIVA_TRACE: VIVA_TRACE_SUMMARY|dde318c7-5024-4f2b-b69e-442f462d0cb0|quạt mức 3|hvac_set_fan|Allow|e2e_ms=0
--------- beginning of main
08-05 16:17:20.938 12220 12220 I VIVA_BENCH_INJECT: VIVA_BENCH_INJECT|e642df45-b1e8-4d00-bf7b-d4a27ecf1e94|injected_text|khóa cửa
08-05 16:17:20.942 12220 12220 I VIVA_TRACE: VIVA_TRACE|e642df45-b1e8-4d00-bf7b-d4a27ecf1e94|nlu_done|3377941998900
08-05 16:17:20.943 12220 12220 I VIVA_TRACE: VIVA_TRACE|e642df45-b1e8-4d00-bf7b-d4a27ecf1e94|exec_done|3377943455500
08-05 16:17:21.238 12220 12857 I VIVA_TRACE: VIVA_TRACE|e642df45-b1e8-4d00-bf7b-d4a27ecf1e94|tts_start|3378238034900
08-05 16:17:22.961 12220 12220 I VIVA_TRACE: VIVA_TRACE_SUMMARY|e642df45-b1e8-4d00-bf7b-d4a27ecf1e94|khóa cửa|door_lock|Allow|e2e_ms=0
--------- beginning of main
08-05 16:17:29.471 12220 12220 I VIVA_BENCH_INJECT: VIVA_BENCH_INJECT|ad56615a-3b4f-48a2-a7fa-0c61e94c3b30|injected_text|mở cửa
08-05 16:17:29.473 12220 12220 I VIVA_TRACE: VIVA_TRACE|ad56615a-3b4f-48a2-a7fa-0c61e94c3b30|nlu_done|3386473686900
08-05 16:17:29.713 12220 13121 I VIVA_TRACE: VIVA_TRACE|ad56615a-3b4f-48a2-a7fa-0c61e94c3b30|tts_start|3386713521600
08-05 16:17:34.369 12220 12220 I VIVA_TRACE: VIVA_TRACE_SUMMARY|ad56615a-3b4f-48a2-a7fa-0c61e94c3b30|mở cửa|door_lock|Confirm:G2_CONFIRM_DOOR|e2e_ms=0
--------- beginning of main
08-05 16:17:40.765 12220 12220 I VIVA_BENCH_INJECT: VIVA_BENCH_INJECT|81f8e5f3-b315-4cfe-b2f9-27bd1d809e30|injected_text|mở cửa
08-05 16:17:40.767 12220 12220 I VIVA_TRACE: VIVA_TRACE|81f8e5f3-b315-4cfe-b2f9-27bd1d809e30|nlu_done|3397767279600
08-05 16:17:40.969 12220 13122 I VIVA_TRACE: VIVA_TRACE|81f8e5f3-b315-4cfe-b2f9-27bd1d809e30|tts_start|3397969030500
08-05 16:17:43.532 12220 12220 I VIVA_TRACE: VIVA_TRACE_SUMMARY|81f8e5f3-b315-4cfe-b2f9-27bd1d809e30|mở cửa|door_lock|Deny:G1_SPEED_LOCK|e2e_ms=0
--------- beginning of main
08-05 16:17:49.503 12220 12220 I VIVA_BENCH_INJECT: VIVA_BENCH_INJECT|c89b158e-77b9-4768-a4ee-1a086c10ea6d|injected_text|tăng âm lượng
08-05 16:17:49.509 12220 12220 I VIVA_TRACE: VIVA_TRACE|c89b158e-77b9-4768-a4ee-1a086c10ea6d|nlu_done|3406509487100
08-05 16:17:49.818 12220 12818 I VIVA_TRACE: VIVA_TRACE|c89b158e-77b9-4768-a4ee-1a086c10ea6d|tts_start|3406818234100
08-05 16:17:54.847 12220 12220 I VIVA_TRACE: VIVA_TRACE_SUMMARY|c89b158e-77b9-4768-a4ee-1a086c10ea6d|tăng âm lượng|volume_adjust|Error:exec_done|e2e_ms=0
--------- beginning of main
08-05 16:18:00.550 12220 12220 I VIVA_BENCH_INJECT: VIVA_BENCH_INJECT|0a20927e-d28e-48fa-8aef-54c495755c6a|injected_text|giảm âm lượng
08-05 16:18:00.551 12220 12220 I VIVA_TRACE: VIVA_TRACE|0a20927e-d28e-48fa-8aef-54c495755c6a|nlu_done|3417551576700
08-05 16:18:00.776 12220 12857 I VIVA_TRACE: VIVA_TRACE|0a20927e-d28e-48fa-8aef-54c495755c6a|tts_start|3417776680500
08-05 16:18:05.830 12220 12220 I VIVA_TRACE: VIVA_TRACE_SUMMARY|0a20927e-d28e-48fa-8aef-54c495755c6a|giảm âm lượng|volume_adjust|Error:exec_done|e2e_ms=0
--------- beginning of main
08-05 16:18:11.631 12220 12220 I VIVA_BENCH_INJECT: VIVA_BENCH_INJECT|1b459826-a51d-4665-811a-b9d8aec13824|injected_text|phát nhạc
08-05 16:18:11.633 12220 12220 I VIVA_TRACE: VIVA_TRACE|1b459826-a51d-4665-811a-b9d8aec13824|nlu_done|3428633248300
08-05 16:18:11.907 12220 12235 I VIVA_TRACE: VIVA_TRACE|1b459826-a51d-4665-811a-b9d8aec13824|tts_start|3428906955000
08-05 16:18:17.881 12220 12220 I VIVA_TRACE: VIVA_TRACE_SUMMARY|1b459826-a51d-4665-811a-b9d8aec13824|phát nhạc|media_play|Error:exec_done|e2e_ms=0
--------- beginning of main
08-05 16:18:23.536 12220 12220 I VIVA_BENCH_INJECT: VIVA_BENCH_INJECT|df1f1082-d515-4263-b8c2-5bbb4a0da2ae|injected_text|chuyển bài
08-05 16:18:23.538 12220 12220 I VIVA_TRACE: VIVA_TRACE|df1f1082-d515-4263-b8c2-5bbb4a0da2ae|nlu_done|3440538156100
08-05 16:18:23.790 12220 12818 I VIVA_TRACE: VIVA_TRACE|df1f1082-d515-4263-b8c2-5bbb4a0da2ae|tts_start|3440787343600
08-05 16:18:28.562 12220 12220 I VIVA_TRACE: VIVA_TRACE_SUMMARY|df1f1082-d515-4263-b8c2-5bbb4a0da2ae|chuyển bài|media_next|Error:exec_done|e2e_ms=0
--------- beginning of main
08-05 16:18:34.133 12220 12220 I VIVA_BENCH_INJECT: VIVA_BENCH_INJECT|76452593-859a-4afe-b128-c213768fb2c4|injected_text|dừng nhạc
08-05 16:18:34.134 12220 12220 I VIVA_TRACE: VIVA_TRACE|76452593-859a-4afe-b128-c213768fb2c4|nlu_done|3451134609200
08-05 16:18:34.386 12220 12942 I VIVA_TRACE: VIVA_TRACE|76452593-859a-4afe-b128-c213768fb2c4|tts_start|3451385947500
08-05 16:18:40.302 12220 12220 I VIVA_TRACE: VIVA_TRACE_SUMMARY|76452593-859a-4afe-b128-c213768fb2c4|dừng nhạc|media_pause|Error:exec_done|e2e_ms=0
--------- beginning of main
08-05 16:18:46.099 12220 12220 I VIVA_BENCH_INJECT: VIVA_BENCH_INJECT|ff1d9dff-83ac-4d0f-bfe0-5dd6a91b4dce|injected_text|chặng tiếp theo là gì
08-05 16:18:46.101 12220 12220 I VIVA_TRACE: VIVA_TRACE|ff1d9dff-83ac-4d0f-bfe0-5dd6a91b4dce|nlu_done|3463101494500
08-05 16:18:46.101 12220 12220 I VIVA_TRACE: VIVA_TRACE|ff1d9dff-83ac-4d0f-bfe0-5dd6a91b4dce|exec_done|3463101847900
08-05 16:18:46.358 12220 13121 I VIVA_TRACE: VIVA_TRACE|ff1d9dff-83ac-4d0f-bfe0-5dd6a91b4dce|tts_start|3463358236000
08-05 16:18:56.304 12220 12220 I VIVA_TRACE: VIVA_TRACE_SUMMARY|ff1d9dff-83ac-4d0f-bfe0-5dd6a91b4dce|chặng tiếp theo là gì|delivery_next_stop|Allow|e2e_ms=0
--------- beginning of main
08-05 16:19:02.148 12220 12220 I VIVA_BENCH_INJECT: VIVA_BENCH_INJECT|89e1e10c-24d2-4659-94be-4f822bc9ca29|injected_text|đơn A12 thế nào
08-05 16:19:02.150 12220 12220 I VIVA_TRACE: VIVA_TRACE|89e1e10c-24d2-4659-94be-4f822bc9ca29|nlu_done|3479150374000
08-05 16:19:02.151 12220 12220 I VIVA_TRACE: VIVA_TRACE|89e1e10c-24d2-4659-94be-4f822bc9ca29|exec_done|3479151319200
08-05 16:19:02.394 12220 12942 I VIVA_TRACE: VIVA_TRACE|89e1e10c-24d2-4659-94be-4f822bc9ca29|tts_start|3479393937600
08-05 16:19:08.857 12220 12220 I VIVA_TRACE: VIVA_TRACE_SUMMARY|89e1e10c-24d2-4659-94be-4f822bc9ca29|đơn A12 thế nào|delivery_order_status|Allow|e2e_ms=0
--------- beginning of main
08-05 16:19:14.588 12220 12220 I VIVA_BENCH_INJECT: VIVA_BENCH_INJECT|15452f2b-2158-418f-8040-711ce640bc17|injected_text|xác nhận giao thành công đơn A12
08-05 16:19:14.591 12220 12220 I VIVA_TRACE: VIVA_TRACE|15452f2b-2158-418f-8040-711ce640bc17|nlu_done|3491591679400
08-05 16:19:14.813 12220 12237 I VIVA_TRACE: VIVA_TRACE|15452f2b-2158-418f-8040-711ce640bc17|tts_start|3491813817300
08-05 16:19:18.573 12220 12220 I VIVA_TRACE: VIVA_TRACE_SUMMARY|15452f2b-2158-418f-8040-711ce640bc17|xác nhận giao thành công đơn A12|delivery_confirm|Confirm:G2_CONFIRM_DELIVERY|e2e_ms=0
--------- beginning of main
08-05 16:19:24.237 12220 12220 I VIVA_BENCH_INJECT: VIVA_BENCH_INJECT|ab800dc9-aafd-459e-ac84-1242c201262f|injected_text|xác nhận giao thành công đơn A12
08-05 16:19:24.239 12220 12220 I VIVA_TRACE: VIVA_TRACE|ab800dc9-aafd-459e-ac84-1242c201262f|nlu_done|3501239847300
08-05 16:19:24.240 12220 12220 I VIVA_TRACE: VIVA_TRACE|ab800dc9-aafd-459e-ac84-1242c201262f|exec_done|3501240668100
08-05 16:19:24.468 12220 13373 I VIVA_TRACE: VIVA_TRACE|ab800dc9-aafd-459e-ac84-1242c201262f|tts_start|3501468609000
08-05 16:19:28.729 12220 12220 I VIVA_TRACE: VIVA_TRACE_SUMMARY|ab800dc9-aafd-459e-ac84-1242c201262f|xác nhận giao thành công đơn A12|delivery_confirm|Allow|e2e_ms=0
--------- beginning of main
08-05 16:19:34.370 12220 12220 I VIVA_BENCH_INJECT: VIVA_BENCH_INJECT|67252911-1f2e-41ba-861e-af3e712ea419|injected_text|đặt bàn ăn tối
08-05 16:19:34.409 12220 12220 I VIVA_TRACE: VIVA_TRACE|67252911-1f2e-41ba-861e-af3e712ea419|nlu_done|3511409073000
08-05 16:19:34.409 12220 12220 I VIVA_TRACE: VIVA_TRACE|67252911-1f2e-41ba-861e-af3e712ea419|exec_done|3511409607400
08-05 16:19:34.556 12220 13121 I VIVA_TRACE: VIVA_TRACE|67252911-1f2e-41ba-861e-af3e712ea419|tts_start|3511556486100
08-05 16:19:37.616 12220 12220 I VIVA_TRACE: VIVA_TRACE_SUMMARY|67252911-1f2e-41ba-861e-af3e712ea419|đặt bàn ăn tối|vehicle_status_speed|Allow|e2e_ms=0
--------- beginning of main
08-05 16:19:43.617 12220 12220 I VIVA_BENCH_INJECT: VIVA_BENCH_INJECT|cf1f0af0-a8f8-4da1-8bbf-96c81ffd64b9|injected_text|Siri ơi hạ điều hòa xuống 24 độ
08-05 16:19:43.618 12220 12220 I VIVA_TRACE: VIVA_TRACE|cf1f0af0-a8f8-4da1-8bbf-96c81ffd64b9|nlu_done|3520618588900
08-05 16:19:43.839 12220 12238 I VIVA_TRACE: VIVA_TRACE|cf1f0af0-a8f8-4da1-8bbf-96c81ffd64b9|tts_start|3520839714200
08-05 16:19:49.303 12220 12220 I VIVA_TRACE: VIVA_TRACE_SUMMARY|cf1f0af0-a8f8-4da1-8bbf-96c81ffd64b9|Siri ơi hạ điều hòa xuống 24 độ|clarify|Confirm:CLARIFY_SLOT|e2e_ms=0
--------- beginning of main
08-05 16:19:55.071 12220 12220 I VIVA_BENCH_INJECT: VIVA_BENCH_INJECT|5962cd74-4237-4461-84c8-a25cbd21b641|injected_text|bật điều hòa
08-05 16:19:55.073 12220 12220 I VIVA_TRACE: VIVA_TRACE|5962cd74-4237-4461-84c8-a25cbd21b641|nlu_done|3532073799600
08-05 16:19:55.230 12220 13122 I VIVA_TRACE: VIVA_TRACE|5962cd74-4237-4461-84c8-a25cbd21b641|tts_start|3532229099700
08-05 16:20:01.970 12220 12220 I VIVA_TRACE: VIVA_TRACE_SUMMARY|5962cd74-4237-4461-84c8-a25cbd21b641|bật điều hòa|clarify|Confirm:CLARIFY_SLOT|e2e_ms=0
