--------- beginning of main
08-05 16:34:11.058 14990 14990 I VIVA_BENCH_INJECT: VIVA_BENCH_INJECT|ba76d415-2477-40af-bb27-872a6bd87963|injected_text|Viva ơi hạ điều hòa xuống 24 độ
08-05 16:34:11.065 14990 14990 I VIVA_TRACE: VIVA_TRACE|ba76d415-2477-40af-bb27-872a6bd87963|nlu_done|4388065082700
08-05 16:34:11.072 14990 14990 I VIVA_TRACE: VIVA_TRACE|ba76d415-2477-40af-bb27-872a6bd87963|exec_done|4388070950600
08-05 16:34:11.768 14990 15004 I VIVA_TRACE: VIVA_TRACE|ba76d415-2477-40af-bb27-872a6bd87963|tts_start|4388768003300
08-05 16:34:14.571 14990 14990 I VIVA_TRACE: VIVA_TRACE_SUMMARY|ba76d415-2477-40af-bb27-872a6bd87963|Viva ơi hạ điều hòa xuống 24 độ|hvac_set_temp|Allow|e2e_ms=0
--------- beginning of main
08-05 16:34:20.426 14990 14990 I VIVA_BENCH_INJECT: VIVA_BENCH_INJECT|b8846e61-dea8-4bbf-8302-c58a1889c94a|injected_text|hạ điều hòa xuống 22 độ
08-05 16:34:20.429 14990 14990 I VIVA_TRACE: VIVA_TRACE|b8846e61-dea8-4bbf-8302-c58a1889c94a|nlu_done|4397429005700
08-05 16:34:20.429 14990 14990 I VIVA_TRACE: VIVA_TRACE|b8846e61-dea8-4bbf-8302-c58a1889c94a|exec_done|4397429738000
08-05 16:34:20.673 14990 15005 I VIVA_TRACE: VIVA_TRACE|b8846e61-dea8-4bbf-8302-c58a1889c94a|tts_start|4397672083400
08-05 16:34:23.479 14990 14990 I VIVA_TRACE: VIVA_TRACE_SUMMARY|b8846e61-dea8-4bbf-8302-c58a1889c94a|hạ điều hòa xuống 22 độ|hvac_set_temp|Allow|e2e_ms=0
--------- beginning of main
08-05 16:34:29.156 14990 14990 I VIVA_BENCH_INJECT: VIVA_BENCH_INJECT|0d3eb751-f3a4-4fb8-8c44-03e331bff852|injected_text|đặt nhiệt độ 26 độ
08-05 16:34:29.158 14990 14990 I VIVA_TRACE: VIVA_TRACE|0d3eb751-f3a4-4fb8-8c44-03e331bff852|nlu_done|4406158032100
08-05 16:34:29.158 14990 14990 I VIVA_TRACE: VIVA_TRACE|0d3eb751-f3a4-4fb8-8c44-03e331bff852|exec_done|4406158486100
08-05 16:34:29.393 14990 15565 I VIVA_TRACE: VIVA_TRACE|0d3eb751-f3a4-4fb8-8c44-03e331bff852|tts_start|4406393728600
08-05 16:34:32.251 14990 14990 I VIVA_TRACE: VIVA_TRACE_SUMMARY|0d3eb751-f3a4-4fb8-8c44-03e331bff852|đặt nhiệt độ 26 độ|hvac_set_temp|Allow|e2e_ms=0
--------- beginning of main
08-05 16:34:37.899 14990 14990 I VIVA_BENCH_INJECT: VIVA_BENCH_INJECT|8230268e-32bd-46f7-b0d4-6267213de027|injected_text|đặt nhiệt độ 40 độ
08-05 16:34:37.901 14990 14990 I VIVA_TRACE: VIVA_TRACE|8230268e-32bd-46f7-b0d4-6267213de027|nlu_done|4414901019700
08-05 16:34:38.166 14990 15004 I VIVA_TRACE: VIVA_TRACE|8230268e-32bd-46f7-b0d4-6267213de027|tts_start|4415166522100
08-05 16:34:43.571 14990 14990 I VIVA_TRACE: VIVA_TRACE_SUMMARY|8230268e-32bd-46f7-b0d4-6267213de027|đặt nhiệt độ 40 độ|clarify|Confirm:CLARIFY_SLOT|e2e_ms=0
--------- beginning of main
08-05 16:34:49.431 14990 14990 I VIVA_BENCH_INJECT: VIVA_BENCH_INJECT|13bbd788-6adb-4edf-84ac-ae9f1f918268|injected_text|quạt mức 2
08-05 16:34:49.434 14990 14990 I VIVA_TRACE: VIVA_TRACE|13bbd788-6adb-4edf-84ac-ae9f1f918268|nlu_done|4426434293700
08-05 16:34:49.434 14990 14990 I VIVA_TRACE: VIVA_TRACE|13bbd788-6adb-4edf-84ac-ae9f1f918268|exec_done|4426434940700
08-05 16:34:49.609 14990 15006 I VIVA_TRACE: VIVA_TRACE|13bbd788-6adb-4edf-84ac-ae9f1f918268|tts_start|4426609814700
08-05 16:34:51.237 14990 14990 I VIVA_TRACE: VIVA_TRACE_SUMMARY|13bbd788-6adb-4edf-84ac-ae9f1f918268|quạt mức 2|hvac_set_fan|Allow|e2e_ms=0
--------- beginning of main
08-05 16:34:56.847 14990 14990 I VIVA_BENCH_INJECT: VIVA_BENCH_INJECT|484344ed-2952-46da-882c-9c61ef58a4c2|injected_text|quạt mạnh lên
08-05 16:34:56.850 14990 14990 I VIVA_TRACE: VIVA_TRACE|484344ed-2952-46da-882c-9c61ef58a4c2|nlu_done|4433850084200
08-05 16:34:57.095 14990 15748 I VIVA_TRACE: VIVA_TRACE|484344ed-2952-46da-882c-9c61ef58a4c2|tts_start|4434095057100
08-05 16:35:00.499 14990 14990 I VIVA_TRACE: VIVA_TRACE_SUMMARY|484344ed-2952-46da-882c-9c61ef58a4c2|quạt mạnh lên|clarify|Confirm:CLARIFY_SLOT|e2e_ms=0
--------- beginning of main
08-05 16:35:06.135 14990 14990 I VIVA_BENCH_INJECT: VIVA_BENCH_INJECT|735eae13-b2db-447b-ab2b-e46f9f92a469|injected_text|quạt mức 3
08-05 16:35:06.137 14990 14990 I VIVA_TRACE: VIVA_TRACE|735eae13-b2db-447b-ab2b-e46f9f92a469|nlu_done|4443136944700
08-05 16:35:06.137 14990 14990 I VIVA_TRACE: VIVA_TRACE|735eae13-b2db-447b-ab2b-e46f9f92a469|exec_done|4443137832600
08-05 16:35:06.369 14990 15688 I VIVA_TRACE: VIVA_TRACE|735eae13-b2db-447b-ab2b-e46f9f92a469|tts_start|4443369273700
08-05 16:35:08.013 14990 14990 I VIVA_TRACE: VIVA_TRACE_SUMMARY|735eae13-b2db-447b-ab2b-e46f9f92a469|quạt mức 3|hvac_set_fan|Allow|e2e_ms=0
--------- beginning of main
08-05 16:35:13.567 14990 14990 I VIVA_BENCH_INJECT: VIVA_BENCH_INJECT|c62bf951-91aa-4946-97c7-d782d70ad816|injected_text|khóa cửa
08-05 16:35:13.570 14990 14990 I VIVA_TRACE: VIVA_TRACE|c62bf951-91aa-4946-97c7-d782d70ad816|nlu_done|4450570127000
08-05 16:35:13.570 14990 14990 I VIVA_TRACE: VIVA_TRACE|c62bf951-91aa-4946-97c7-d782d70ad816|exec_done|4450570735000
08-05 16:35:13.782 14990 15688 I VIVA_TRACE: VIVA_TRACE|c62bf951-91aa-4946-97c7-d782d70ad816|tts_start|4450780289500
08-05 16:35:15.488 14990 14990 I VIVA_TRACE: VIVA_TRACE_SUMMARY|c62bf951-91aa-4946-97c7-d782d70ad816|khóa cửa|door_lock|Allow|e2e_ms=0
--------- beginning of main
08-05 16:35:22.123 14990 14990 I VIVA_BENCH_INJECT: VIVA_BENCH_INJECT|0241934a-e9a7-42d7-8d97-a1caa4ce13a5|injected_text|mở cửa
08-05 16:35:22.124 14990 14990 I VIVA_TRACE: VIVA_TRACE|0241934a-e9a7-42d7-8d97-a1caa4ce13a5|nlu_done|4459124631000
08-05 16:35:22.324 14990 15859 I VIVA_TRACE: VIVA_TRACE|0241934a-e9a7-42d7-8d97-a1caa4ce13a5|tts_start|4459323951900
08-05 16:35:27.017 14990 14990 I VIVA_TRACE: VIVA_TRACE_SUMMARY|0241934a-e9a7-42d7-8d97-a1caa4ce13a5|mở cửa|door_lock|Confirm:G2_CONFIRM_DOOR|e2e_ms=0
--------- beginning of main
08-05 16:35:33.372 14990 14990 I VIVA_BENCH_INJECT: VIVA_BENCH_INJECT|50837a71-f04a-4869-9737-cbd6e7646747|injected_text|mở cửa
08-05 16:35:33.373 14990 14990 I VIVA_TRACE: VIVA_TRACE|50837a71-f04a-4869-9737-cbd6e7646747|nlu_done|4470373470700
08-05 16:35:33.534 14990 15492 I VIVA_TRACE: VIVA_TRACE|50837a71-f04a-4869-9737-cbd6e7646747|tts_start|4470534227200
08-05 16:35:36.058 14990 14990 I VIVA_TRACE: VIVA_TRACE_SUMMARY|50837a71-f04a-4869-9737-cbd6e7646747|mở cửa|door_lock|Deny:G1_SPEED_LOCK|e2e_ms=0
--------- beginning of main
08-05 16:35:41.702 14990 14990 I VIVA_BENCH_INJECT: VIVA_BENCH_INJECT|3f6e03b1-3980-4484-bee0-51bf43bd28cb|injected_text|tăng âm lượng
08-05 16:35:41.704 14990 14990 I VIVA_TRACE: VIVA_TRACE|3f6e03b1-3980-4484-bee0-51bf43bd28cb|nlu_done|4478704574900
08-05 16:35:41.955 14990 15826 I VIVA_TRACE: VIVA_TRACE|3f6e03b1-3980-4484-bee0-51bf43bd28cb|tts_start|4478955037300
08-05 16:35:46.965 14990 14990 I VIVA_TRACE: VIVA_TRACE_SUMMARY|3f6e03b1-3980-4484-bee0-51bf43bd28cb|tăng âm lượng|volume_adjust|Error:exec_done|e2e_ms=0
--------- beginning of main
08-05 16:35:52.777 14990 14990 I VIVA_BENCH_INJECT: VIVA_BENCH_INJECT|95b7b532-de3e-4875-b043-0a5072106680|injected_text|giảm âm lượng
08-05 16:35:52.778 14990 14990 I VIVA_TRACE: VIVA_TRACE|95b7b532-de3e-4875-b043-0a5072106680|nlu_done|4489778700000
08-05 16:35:52.957 14990 15688 I VIVA_TRACE: VIVA_TRACE|95b7b532-de3e-4875-b043-0a5072106680|tts_start|4489957231200
08-05 16:35:57.973 14990 14990 I VIVA_TRACE: VIVA_TRACE_SUMMARY|95b7b532-de3e-4875-b043-0a5072106680|giảm âm lượng|volume_adjust|Error:exec_done|e2e_ms=0
--------- beginning of main
08-05 16:36:03.887 14990 14990 I VIVA_BENCH_INJECT: VIVA_BENCH_INJECT|2e625e7e-bdae-4b1f-aa7a-e08f1a9139b7|injected_text|phát nhạc
08-05 16:36:03.890 14990 14990 I VIVA_TRACE: VIVA_TRACE|2e625e7e-bdae-4b1f-aa7a-e08f1a9139b7|nlu_done|4500890388400
08-05 16:36:04.157 14990 15859 I VIVA_TRACE: VIVA_TRACE|2e625e7e-bdae-4b1f-aa7a-e08f1a9139b7|tts_start|4501157032400
08-05 16:36:10.092 14990 14990 I VIVA_TRACE: VIVA_TRACE_SUMMARY|2e625e7e-bdae-4b1f-aa7a-e08f1a9139b7|phát nhạc|media_play|Error:exec_done|e2e_ms=0
--------- beginning of main
08-05 16:36:15.856 14990 14990 I VIVA_BENCH_INJECT: VIVA_BENCH_INJECT|73ab77ed-a910-4d6d-b9b7-80addb5a539e|injected_text|chuyển bài
08-05 16:36:15.858 14990 14990 I VIVA_TRACE: VIVA_TRACE|73ab77ed-a910-4d6d-b9b7-80addb5a539e|nlu_done|4512858744500
08-05 16:36:16.112 14990 15006 I VIVA_TRACE: VIVA_TRACE|73ab77ed-a910-4d6d-b9b7-80addb5a539e|tts_start|4513111981800
08-05 16:36:20.884 14990 14990 I VIVA_TRACE: VIVA_TRACE_SUMMARY|73ab77ed-a910-4d6d-b9b7-80addb5a539e|chuyển bài|media_next|Error:exec_done|e2e_ms=0
--------- beginning of main
08-05 16:36:26.481 14990 14990 I VIVA_BENCH_INJECT: VIVA_BENCH_INJECT|ebe6d34d-4ede-45e9-9488-dfe216b54892|injected_text|dừng nhạc
08-05 16:36:26.484 14990 14990 I VIVA_TRACE: VIVA_TRACE|ebe6d34d-4ede-45e9-9488-dfe216b54892|nlu_done|4523484199400
08-05 16:36:26.721 14990 15565 I VIVA_TRACE: VIVA_TRACE|ebe6d34d-4ede-45e9-9488-dfe216b54892|tts_start|4523721362100
08-05 16:36:32.635 14990 14990 I VIVA_TRACE: VIVA_TRACE_SUMMARY|ebe6d34d-4ede-45e9-9488-dfe216b54892|dừng nhạc|media_pause|Error:exec_done|e2e_ms=0
--------- beginning of main
08-05 16:36:38.413 14990 14990 I VIVA_BENCH_INJECT: VIVA_BENCH_INJECT|f58115dd-8b8e-4b61-be8d-5712fdfd50cb|injected_text|chặng tiếp theo là gì
08-05 16:36:38.416 14990 14990 I VIVA_TRACE: VIVA_TRACE|f58115dd-8b8e-4b61-be8d-5712fdfd50cb|nlu_done|4535416013000
08-05 16:36:38.416 14990 14990 I VIVA_TRACE: VIVA_TRACE|f58115dd-8b8e-4b61-be8d-5712fdfd50cb|exec_done|4535416234000
08-05 16:36:38.703 14990 15498 I VIVA_TRACE: VIVA_TRACE|f58115dd-8b8e-4b61-be8d-5712fdfd50cb|tts_start|4535703035000
08-05 16:36:48.676 14990 14990 I VIVA_TRACE: VIVA_TRACE_SUMMARY|f58115dd-8b8e-4b61-be8d-5712fdfd50cb|chặng tiếp theo là gì|delivery_next_stop|Allow|e2e_ms=0
--------- beginning of main
08-05 16:36:54.450 14990 14990 I VIVA_BENCH_INJECT: VIVA_BENCH_INJECT|79a08337-7d4d-4d04-9704-3535c450adca|injected_text|đơn A12 thế nào
08-05 16:36:54.452 14990 14990 I VIVA_TRACE: VIVA_TRACE|79a08337-7d4d-4d04-9704-3535c450adca|nlu_done|4551452117200
08-05 16:36:54.453 14990 14990 I VIVA_TRACE: VIVA_TRACE|79a08337-7d4d-4d04-9704-3535c450adca|exec_done|4551453011100
08-05 16:36:54.699 14990 15492 I VIVA_TRACE: VIVA_TRACE|79a08337-7d4d-4d04-9704-3535c450adca|tts_start|4551699602400
08-05 16:37:01.121 14990 14990 I VIVA_TRACE: VIVA_TRACE_SUMMARY|79a08337-7d4d-4d04-9704-3535c450adca|đơn A12 thế nào|delivery_order_status|Allow|e2e_ms=0
--------- beginning of main
08-05 16:37:06.862 14990 14990 I VIVA_BENCH_INJECT: VIVA_BENCH_INJECT|d9709a06-06da-4733-8675-f7b74dff17f8|injected_text|xác nhận giao thành công đơn A12
08-05 16:37:06.865 14990 14990 I VIVA_TRACE: VIVA_TRACE|d9709a06-06da-4733-8675-f7b74dff17f8|nlu_done|4563865354500
08-05 16:37:07.089 14990 16048 I VIVA_TRACE: VIVA_TRACE|d9709a06-06da-4733-8675-f7b74dff17f8|tts_start|4564088796200
08-05 16:37:10.838 14990 14990 I VIVA_TRACE: VIVA_TRACE_SUMMARY|d9709a06-06da-4733-8675-f7b74dff17f8|xác nhận giao thành công đơn A12|delivery_confirm|Confirm:G2_CONFIRM_DELIVERY|e2e_ms=0
--------- beginning of main
08-05 16:37:16.490 14990 14990 I VIVA_BENCH_INJECT: VIVA_BENCH_INJECT|0fde9f6f-4b69-4b44-8654-9e88c395cdf2|injected_text|xác nhận giao thành công đơn A12
08-05 16:37:16.492 14990 14990 I VIVA_TRACE: VIVA_TRACE|0fde9f6f-4b69-4b44-8654-9e88c395cdf2|nlu_done|4573492008900
08-05 16:37:16.492 14990 14990 I VIVA_TRACE: VIVA_TRACE|0fde9f6f-4b69-4b44-8654-9e88c395cdf2|exec_done|4573492896000
08-05 16:37:16.709 14990 15565 I VIVA_TRACE: VIVA_TRACE|0fde9f6f-4b69-4b44-8654-9e88c395cdf2|tts_start|4573709133300
08-05 16:37:21.001 14990 14990 I VIVA_TRACE: VIVA_TRACE_SUMMARY|0fde9f6f-4b69-4b44-8654-9e88c395cdf2|xác nhận giao thành công đơn A12|delivery_confirm|Allow|e2e_ms=0
--------- beginning of main
08-05 16:37:26.652 14990 14990 I VIVA_BENCH_INJECT: VIVA_BENCH_INJECT|1cbb1790-9b2c-41a8-ad20-b54d37fb658b|injected_text|đặt bàn ăn tối
08-05 16:37:26.669 14990 14990 I VIVA_TRACE: VIVA_TRACE|1cbb1790-9b2c-41a8-ad20-b54d37fb658b|nlu_done|4583669535800
08-05 16:37:26.835 14990 15498 I VIVA_TRACE: VIVA_TRACE|1cbb1790-9b2c-41a8-ad20-b54d37fb658b|tts_start|4583835168100
08-05 16:37:30.025 14990 14990 I VIVA_TRACE: VIVA_TRACE_SUMMARY|1cbb1790-9b2c-41a8-ad20-b54d37fb658b|đặt bàn ăn tối|unknown|Error:nlu_done|e2e_ms=0
--------- beginning of main
08-05 16:37:35.876 14990 14990 I VIVA_BENCH_INJECT: VIVA_BENCH_INJECT|7771ccf4-c7ed-403f-af4e-c608e3a3da29|injected_text|Siri ơi hạ điều hòa xuống 24 độ
08-05 16:37:35.877 14990 14990 I VIVA_TRACE: VIVA_TRACE|7771ccf4-c7ed-403f-af4e-c608e3a3da29|nlu_done|4592877552300
08-05 16:37:36.109 14990 15498 I VIVA_TRACE: VIVA_TRACE|7771ccf4-c7ed-403f-af4e-c608e3a3da29|tts_start|4593109811700
08-05 16:37:41.620 14990 14990 I VIVA_TRACE: VIVA_TRACE_SUMMARY|7771ccf4-c7ed-403f-af4e-c608e3a3da29|Siri ơi hạ điều hòa xuống 24 độ|clarify|Confirm:CLARIFY_SLOT|e2e_ms=0
--------- beginning of main
08-05 16:37:47.468 14990 14990 I VIVA_BENCH_INJECT: VIVA_BENCH_INJECT|3e587c43-d54f-4315-a91d-641ea9ba5bca|injected_text|bật điều hòa
08-05 16:37:47.469 14990 14990 I VIVA_TRACE: VIVA_TRACE|3e587c43-d54f-4315-a91d-641ea9ba5bca|nlu_done|4604469350700
08-05 16:37:47.616 14990 15006 I VIVA_TRACE: VIVA_TRACE|3e587c43-d54f-4315-a91d-641ea9ba5bca|tts_start|4604616752400
08-05 16:37:54.387 14990 14990 I VIVA_TRACE: VIVA_TRACE_SUMMARY|3e587c43-d54f-4315-a91d-641ea9ba5bca|bật điều hòa|clarify|Confirm:CLARIFY_SLOT|e2e_ms=0
