07-29 21:14:07.000  4821  4821 I VIVA_TRACE: VIVA_TRACE|6f1c9d20-0a11-4b6e-9a01-000000000001|speech_start|1000000000
07-29 21:14:07.137  4821  4821 I VIVA_TRACE: VIVA_TRACE|6f1c9d20-0a11-4b6e-9a01-000000000001|speech_end|1820000000
07-29 21:14:07.274  4821  4821 I VIVA_TRACE: VIVA_TRACE|6f1c9d20-0a11-4b6e-9a01-000000000001|asr_sent|1832000000
07-29 21:14:07.411  4821  4821 I VIVA_TRACE: VIVA_TRACE|6f1c9d20-0a11-4b6e-9a01-000000000001|asr_done|2220000000
07-29 21:14:07.548  4821  4821 I VIVA_TRACE: VIVA_TRACE|6f1c9d20-0a11-4b6e-9a01-000000000001|nlu_done|2238000000
07-29 21:14:07.685  4821  4821 I VIVA_TRACE: VIVA_TRACE|6f1c9d20-0a11-4b6e-9a01-000000000001|guard_done|2247000000
07-29 21:14:08.822  4821  4821 I VIVA_TRACE: VIVA_TRACE|6f1c9d20-0a11-4b6e-9a01-000000000001|exec_done|2278000000
07-29 21:14:08.959  4821  4821 I VIVA_TRACE: VIVA_TRACE|6f1c9d20-0a11-4b6e-9a01-000000000001|render_done|2306000000
07-29 21:14:08.096  4821  4821 I VIVA_TRACE: VIVA_TRACE|6f1c9d20-0a11-4b6e-9a01-000000000001|tts_start|2320000000
07-29 21:14:08.233  4821  4821 I VIVA_TRACE: VIVA_TRACE_SUMMARY|6f1c9d20-0a11-4b6e-9a01-000000000001|hạ điều hòa xuống 22 độ|hvac_set_temp|Allow|e2e_ms=500
07-29 21:14:08.370  4821  4821 W AudioFlinger: setParameters keyValuePairs
07-29 21:14:08.507  4821  4821 I VIVA_TRACE: VIVA_TRACE|6f1c9d20-0a11-4b6e-9a01-000000000002|speech_start|9400000000
07-29 21:14:09.644  4821  4821 I VIVA_TRACE: VIVA_TRACE|6f1c9d20-0a11-4b6e-9a01-000000000002|speech_end|10040000000
07-29 21:14:09.781  4821  4821 I VIVA_TRACE: VIVA_TRACE|6f1c9d20-0a11-4b6e-9a01-000000000002|asr_sent|10051000000
07-29 21:14:09.918  4821  4821 I VIVA_TRACE: VIVA_TRACE|6f1c9d20-0a11-4b6e-9a01-000000000002|asr_done|10403000000
07-29 21:14:09.055  4821  4821 I VIVA_TRACE: VIVA_TRACE|6f1c9d20-0a11-4b6e-9a01-000000000002|nlu_done|10418000000
07-29 21:14:09.192  4821  4821 I VIVA_TRACE: VIVA_TRACE|6f1c9d20-0a11-4b6e-9a01-000000000002|guard_done|10425000000
07-29 21:14:09.329  4821  4821 I VIVA_TRACE: VIVA_TRACE|6f1c9d20-0a11-4b6e-9a01-000000000002|render_done|10451000000
07-29 21:14:10.466  4821  4821 I VIVA_TRACE: VIVA_TRACE|6f1c9d20-0a11-4b6e-9a01-000000000002|tts_start|10463000000
07-29 21:14:10.603  4821  4821 I VIVA_TRACE: VIVA_TRACE_SUMMARY|6f1c9d20-0a11-4b6e-9a01-000000000002|mở cửa|door_lock|Deny:G1_SPEED_LOCK|e2e_ms=423
07-29 21:14:10.740  4821  4821 W CarPropertyService: onPropertyEvent DOOR_LOCK
07-29 21:14:10.877  4821  4821 I VIVA_TRACE: VIVA_TRACE|6f1c9d20-0a11-4b6e-9a01-000000000003|speech_start|21050000000
07-29 21:14:10.014  4821  4821 I VIVA_TRACE: VIVA_TRACE|6f1c9d20-0a11-4b6e-9a01-000000000003|speech_end|21750000000
07-29 21:14:10.151  4821  4821 I VIVA_TRACE: VIVA_TRACE|6f1c9d20-0a11-4b6e-9a01-000000000003|asr_sent|21760000000
07-29 21:14:11.288  4821  4821 I VIVA_TRACE: VIVA_TRACE|6f1c9d20-0a11-4b6e-9a01-000000000003|asr_done|22121000000
07-29 21:14:11.425  4821  4821 I VIVA_TRACE: VIVA_TRACE|6f1c9d20-0a11-4b6e-9a01-000000000003|nlu_done|22137000000
07-29 21:14:11.562  4821  4821 I VIVA_TRACE: VIVA_TRACE|6f1c9d20-0a11-4b6e-9a01-000000000003|guard_done|22145000000
07-29 21:14:11.699  4821  4821 I VIVA_TRACE: VIVA_TRACE|6f1c9d20-0a11-4b6e-9a01-000000000003|render_done|22169000000
07-29 21:14:11.836  4821  4821 I VIVA_TRACE: VIVA_TRACE|6f1c9d20-0a11-4b6e-9a01-000000000003|tts_start|22182000000
07-29 21:14:11.973  4821  4821 I VIVA_TRACE: VIVA_TRACE_SUMMARY|6f1c9d20-0a11-4b6e-9a01-000000000003|xác nhận giao thành công đơn A12|delivery_confirm|Confirm:G2_CONFIRM_DELIVERY|e2e_ms=432
07-29 21:14:12.110  4821  4821 W VIVA_VOICE: vad endpoint confirmed
07-29 21:14:12.247  4821  4821 I VIVA_TRACE: VIVA_TRACE|6f1c9d20-0a11-4b6e-9a01-000000000004|speech_start|33700000000
07-29 21:14:12.384  4821  4821 I VIVA_TRACE: VIVA_TRACE|6f1c9d20-0a11-4b6e-9a01-000000000004|speech_end|34280000000
07-29 21:14:12.521  4821  4821 I VIVA_TRACE: VIVA_TRACE|6f1c9d20-0a11-4b6e-9a01-000000000004|asr_sent|34293000000
07-29 21:14:12.658  4821  4821 I VIVA_TRACE: VIVA_TRACE_SUMMARY|6f1c9d20-0a11-4b6e-9a01-000000000004|-|unknown|Error:asr_done|e2e_ms=3013
07-29 21:14:12.795  4821  4821 W VIVA_ASR: POST /asr timed out after 3000ms
