--------- beginning of main
08-05 16:53:05.770 18494 18494 I VIVA_BENCH_INJECT: VIVA_BENCH_INJECT|af03b884-d90e-4a1c-b82e-7dea93136966|injected_text|Viva ơi hạ điều hòa xuống 24 độ
08-05 16:53:05.777 18494 18494 I VIVA_TRACE: VIVA_TRACE|af03b884-d90e-4a1c-b82e-7dea93136966|nlu_done|5522777602000
08-05 16:53:05.782 18494 18494 I VIVA_TRACE: VIVA_TRACE|af03b884-d90e-4a1c-b82e-7dea93136966|exec_done|5522782446800
08-05 16:53:06.797 18494 18510 I VIVA_TRACE: VIVA_TRACE|af03b884-d90e-4a1c-b82e-7dea93136966|tts_start|5523797616200
08-05 16:53:09.604 18494 18494 I VIVA_TRACE: VIVA_TRACE_SUMMARY|af03b884-d90e-4a1c-b82e-7dea93136966|Viva ơi hạ điều hòa xuống 24 độ|hvac_set_temp|Allow|e2e_ms=0
--------- beginning of main
08-05 16:53:15.191 18494 18494 I VIVA_BENCH_INJECT: VIVA_BENCH_INJECT|e96f5862-bab5-4daf-8cf6-5cb70f0b3f93|injected_text|hạ điều hòa xuống 22 độ
08-05 16:53:15.196 18494 18494 I VIVA_TRACE: VIVA_TRACE|e96f5862-bab5-4daf-8cf6-5cb70f0b3f93|nlu_done|5532194938700
08-05 16:53:15.197 18494 18494 I VIVA_TRACE: VIVA_TRACE|e96f5862-bab5-4daf-8cf6-5cb70f0b3f93|exec_done|5532197263300
08-05 16:53:15.467 18494 19085 I VIVA_TRACE: VIVA_TRACE|e96f5862-bab5-4daf-8cf6-5cb70f0b3f93|tts_start|5532467447900
08-05 16:53:18.332 18494 18494 I VIVA_TRACE: VIVA_TRACE_SUMMARY|e96f5862-bab5-4daf-8cf6-5cb70f0b3f93|hạ điều hòa xuống 22 độ|hvac_set_temp|Allow|e2e_ms=0
--------- beginning of main
08-05 16:53:23.910 18494 18494 I VIVA_BENCH_INJECT: VIVA_BENCH_INJECT|f5540293-a583-475e-b80e-aa891efdccf6|injected_text|đặt nhiệt độ 26 độ
08-05 16:53:23.912 18494 18494 I VIVA_TRACE: VIVA_TRACE|f5540293-a583-475e-b80e-aa891efdccf6|nlu_done|5540912071800
08-05 16:53:23.913 18494 18494 I VIVA_TRACE: VIVA_TRACE|f5540293-a583-475e-b80e-aa891efdccf6|exec_done|5540913597200
08-05 16:53:24.187 18494 18510 I VIVA_TRACE: VIVA_TRACE|f5540293-a583-475e-b80e-aa891efdccf6|tts_start|5541187630400
08-05 16:53:27.033 18494 18494 I VIVA_TRACE: VIVA_TRACE_SUMMARY|f5540293-a583-475e-b80e-aa891efdccf6|đặt nhiệt độ 26 độ|hvac_set_temp|Allow|e2e_ms=0
--------- beginning of main
08-05 16:53:32.631 18494 18494 I VIVA_BENCH_INJECT: VIVA_BENCH_INJECT|1bfc3bca-2b78-46a4-87d2-68a096d8edee|injected_text|đặt nhiệt độ 40 độ
08-05 16:53:32.635 18494 18494 I VIVA_TRACE: VIVA_TRACE|1bfc3bca-2b78-46a4-87d2-68a096d8edee|nlu_done|5549634742300
08-05 16:53:32.899 18494 18509 I VIVA_TRACE: VIVA_TRACE|1bfc3bca-2b78-46a4-87d2-68a096d8edee|tts_start|5549898945800
08-05 16:53:38.298 18494 18494 I VIVA_TRACE: VIVA_TRACE_SUMMARY|1bfc3bca-2b78-46a4-87d2-68a096d8edee|đặt nhiệt độ 40 độ|clarify|Confirm:CLARIFY_SLOT|e2e_ms=0
--------- beginning of main
08-05 16:53:44.132 18494 18494 I VIVA_BENCH_INJECT: VIVA_BENCH_INJECT|2d9f9fb6-822e-445f-b18d-5d3512880898|injected_text|quạt mức 2
08-05 16:53:44.136 18494 18494 I VIVA_TRACE: VIVA_TRACE|2d9f9fb6-822e-445f-b18d-5d3512880898|nlu_done|5561136039700
08-05 16:53:44.137 18494 18494 I VIVA_TRACE: VIVA_TRACE|2d9f9fb6-822e-445f-b18d-5d3512880898|exec_done|5561136654700
08-05 16:53:44.306 18494 19211 I VIVA_TRACE: VIVA_TRACE|2d9f9fb6-822e-445f-b18d-5d3512880898|tts_start|5561306332000
08-05 16:53:45.945 18494 18494 I VIVA_TRACE: VIVA_TRACE_SUMMARY|2d9f9fb6-822e-445f-b18d-5d3512880898|quạt mức 2|hvac_set_fan|Allow|e2e_ms=0
--------- beginning of main
08-05 16:53:51.484 18494 18494 I VIVA_BENCH_INJECT: VIVA_BENCH_INJECT|7f84520e-4d4d-496f-b884-fdd2125a9395|injected_text|quạt mạnh lên
08-05 16:53:51.486 18494 18494 I VIVA_TRACE: VIVA_TRACE|7f84520e-4d4d-496f-b884-fdd2125a9395|nlu_done|5568485986700
08-05 16:53:51.720 18494 18508 I VIVA_TRACE: VIVA_TRACE|7f84520e-4d4d-496f-b884-fdd2125a9395|tts_start|5568720263000
08-05 16:53:55.080 18494 18494 I VIVA_TRACE: VIVA_TRACE_SUMMARY|7f84520e-4d4d-496f-b884-fdd2125a9395|quạt mạnh lên|clarify|Confirm:CLARIFY_SLOT|e2e_ms=0
--------- beginning of main
08-05 16:54:00.715 18494 18494 I VIVA_BENCH_INJECT: VIVA_BENCH_INJECT|4734cda9-0d0a-4b6c-83ec-f283f6454d69|injected_text|quạt mức 3
08-05 16:54:00.716 18494 18494 I VIVA_TRACE: VIVA_TRACE|4734cda9-0d0a-4b6c-83ec-f283f6454d69|nlu_done|5577716765300
08-05 16:54:00.718 18494 18494 I VIVA_TRACE: VIVA_TRACE|4734cda9-0d0a-4b6c-83ec-f283f6454d69|exec_done|5577718118600
08-05 16:54:01.053 18494 19171 I VIVA_TRACE: VIVA_TRACE|4734cda9-0d0a-4b6c-83ec-f283f6454d69|tts_start|5578053161300
08-05 16:54:02.697 18494 18494 I VIVA_TRACE: VIVA_TRACE_SUMMARY|4734cda9-0d0a-4b6c-83ec-f283f6454d69|quạt mức 3|hvac_set_fan|Allow|e2e_ms=0
--------- beginning of main
08-05 16:54:08.599 18494 18494 I VIVA_BENCH_INJECT: VIVA_BENCH_INJECT|777806db-78a5-45fd-b6f7-417929caa41f|injected_text|khóa cửa
08-05 16:54:08.602 18494 18494 I VIVA_TRACE: VIVA_TRACE|777806db-78a5-45fd-b6f7-417929caa41f|nlu_done|5585602239600
08-05 16:54:08.603 18494 18494 I VIVA_TRACE: VIVA_TRACE|777806db-78a5-45fd-b6f7-417929caa41f|exec_done|5585603128400
08-05 16:54:08.829 18494 19211 I VIVA_TRACE: VIVA_TRACE|777806db-78a5-45fd-b6f7-417929caa41f|tts_start|5585829861500
08-05 16:54:10.536 18494 18494 I VIVA_TRACE: VIVA_TRACE_SUMMARY|777806db-78a5-45fd-b6f7-417929caa41f|khóa cửa|door_lock|Allow|e2e_ms=0
--------- beginning of main
08-05 16:54:17.072 18494 18494 I VIVA_BENCH_INJECT: VIVA_BENCH_INJECT|2ed852ff-bb15-41a1-8cab-389287e13832|injected_text|mở cửa
08-05 16:54:17.073 18494 18494 I VIVA_TRACE: VIVA_TRACE|2ed852ff-bb15-41a1-8cab-389287e13832|nlu_done|5594072936800
08-05 16:54:17.352 18494 19082 I VIVA_TRACE: VIVA_TRACE|2ed852ff-bb15-41a1-8cab-389287e13832|tts_start|5594352800800
08-05 16:54:22.060 18494 18494 I VIVA_TRACE: VIVA_TRACE_SUMMARY|2ed852ff-bb15-41a1-8cab-389287e13832|mở cửa|door_lock|Confirm:G2_CONFIRM_DOOR|e2e_ms=0
--------- beginning of main
08-05 16:54:28.269 18494 18494 I VIVA_BENCH_INJECT: VIVA_BENCH_INJECT|554a6431-171f-478a-8a39-83e3dee7cd18|injected_text|mở cửa
08-05 16:54:28.271 18494 18494 I VIVA_TRACE: VIVA_TRACE|554a6431-171f-478a-8a39-83e3dee7cd18|nlu_done|5605271169200
08-05 16:54:28.515 18494 19212 I VIVA_TRACE: VIVA_TRACE|554a6431-171f-478a-8a39-83e3dee7cd18|tts_start|5605515396600
08-05 16:54:31.030 18494 18494 I VIVA_TRACE: VIVA_TRACE_SUMMARY|554a6431-171f-478a-8a39-83e3dee7cd18|mở cửa|door_lock|Deny:G1_SPEED_LOCK|e2e_ms=0
--------- beginning of main
08-05 16:54:36.976 18494 18494 I VIVA_BENCH_INJECT: VIVA_BENCH_INJECT|697c04dd-444a-453a-afdd-fa1dfd7fe503|injected_text|tăng âm lượng
08-05 16:54:36.979 18494 18494 I VIVA_TRACE: VIVA_TRACE|697c04dd-444a-453a-afdd-fa1dfd7fe503|nlu_done|5613979706900
08-05 16:54:37.155 18494 19525 I VIVA_TRACE: VIVA_TRACE|697c04dd-444a-453a-afdd-fa1dfd7fe503|tts_start|5614155145900
08-05 16:54:40.871 18494 18494 I VIVA_TRACE: VIVA_TRACE_SUMMARY|697c04dd-444a-453a-afdd-fa1dfd7fe503|tăng âm lượng|volume_adjust|Error:exec_done|e2e_ms=0
--------- beginning of main
08-05 16:54:46.599 18494 18494 I VIVA_BENCH_INJECT: VIVA_BENCH_INJECT|7fdeabf9-6aa6-46d8-8439-da31bdb9de71|injected_text|giảm âm lượng
08-05 16:54:46.603 18494 18494 I VIVA_TRACE: VIVA_TRACE|7fdeabf9-6aa6-46d8-8439-da31bdb9de71|nlu_done|5623603164200
08-05 16:54:46.787 18494 18510 I VIVA_TRACE: VIVA_TRACE|7fdeabf9-6aa6-46d8-8439-da31bdb9de71|tts_start|5623787069000
08-05 16:54:50.522 18494 18494 I VIVA_TRACE: VIVA_TRACE_SUMMARY|7fdeabf9-6aa6-46d8-8439-da31bdb9de71|giảm âm lượng|volume_adjust|Error:exec_done|e2e_ms=0
--------- beginning of main
08-05 16:54:56.235 18494 18494 I VIVA_BENCH_INJECT: VIVA_BENCH_INJECT|48e50fd6-3ecf-4bda-9688-e0504a7b8109|injected_text|phát nhạc
08-05 16:54:56.236 18494 18494 I VIVA_TRACE: VIVA_TRACE|48e50fd6-3ecf-4bda-9688-e0504a7b8109|nlu_done|5633236425500
08-05 16:54:56.553 18494 19425 I VIVA_TRACE: VIVA_TRACE|48e50fd6-3ecf-4bda-9688-e0504a7b8109|tts_start|5633552941100
08-05 16:55:02.462 18494 18494 I VIVA_TRACE: VIVA_TRACE_SUMMARY|48e50fd6-3ecf-4bda-9688-e0504a7b8109|phát nhạc|media_play|Error:exec_done|e2e_ms=0
--------- beginning of main
08-05 16:55:08.174 18494 18494 I VIVA_BENCH_INJECT: VIVA_BENCH_INJECT|9b240136-f2a0-419f-b358-1b147d13fb93|injected_text|chuyển bài
08-05 16:55:08.176 18494 18494 I VIVA_TRACE: VIVA_TRACE|9b240136-f2a0-419f-b358-1b147d13fb93|nlu_done|5645176818800
08-05 16:55:08.424 18494 19572 I VIVA_TRACE: VIVA_TRACE|9b240136-f2a0-419f-b358-1b147d13fb93|tts_start|5645424250100
08-05 16:55:13.219 18494 18494 I VIVA_TRACE: VIVA_TRACE_SUMMARY|9b240136-f2a0-419f-b358-1b147d13fb93|chuyển bài|media_next|Error:exec_done|e2e_ms=0
--------- beginning of main
08-05 16:55:18.749 18494 18494 I VIVA_BENCH_INJECT: VIVA_BENCH_INJECT|e10d8bb3-cd9f-4d16-bfaf-7956b097f6ff|injected_text|dừng nhạc
08-05 16:55:18.750 18494 18494 I VIVA_TRACE: VIVA_TRACE|e10d8bb3-cd9f-4d16-bfaf-7956b097f6ff|nlu_done|5655750077300
08-05 16:55:19.033 18494 19127 I VIVA_TRACE: VIVA_TRACE|e10d8bb3-cd9f-4d16-bfaf-7956b097f6ff|tts_start|5656033393600
08-05 16:55:24.922 18494 18494 I VIVA_TRACE: VIVA_TRACE_SUMMARY|e10d8bb3-cd9f-4d16-bfaf-7956b097f6ff|dừng nhạc|media_pause|Error:exec_done|e2e_ms=0
--------- beginning of main
08-05 16:55:30.725 18494 18494 I VIVA_BENCH_INJECT: VIVA_BENCH_INJECT|fab4807e-814c-4db3-bc5b-ad1b5dc59f8d|injected_text|chặng tiếp theo là gì
08-05 16:55:30.746 18494 18494 I VIVA_TRACE: VIVA_TRACE|fab4807e-814c-4db3-bc5b-ad1b5dc59f8d|nlu_done|5667746681900
08-05 16:55:30.747 18494 18494 I VIVA_TRACE: VIVA_TRACE|fab4807e-814c-4db3-bc5b-ad1b5dc59f8d|exec_done|5667747333700
08-05 16:55:31.040 18494 19212 I VIVA_TRACE: VIVA_TRACE|fab4807e-814c-4db3-bc5b-ad1b5dc59f8d|tts_start|5668040548300
08-05 16:55:40.978 18494 18494 I VIVA_TRACE: VIVA_TRACE_SUMMARY|fab4807e-814c-4db3-bc5b-ad1b5dc59f8d|chặng tiếp theo là gì|delivery_next_stop|Allow|e2e_ms=0
--------- beginning of main
08-05 16:55:46.707 18494 18494 I VIVA_BENCH_INJECT: VIVA_BENCH_INJECT|2f950842-cd6e-4c3d-92f8-279423a1e7fe|injected_text|đơn A12 thế nào
08-05 16:55:46.709 18494 18494 I VIVA_TRACE: VIVA_TRACE|2f950842-cd6e-4c3d-92f8-279423a1e7fe|nlu_done|5683709611500
08-05 16:55:46.711 18494 18494 I VIVA_TRACE: VIVA_TRACE|2f950842-cd6e-4c3d-92f8-279423a1e7fe|exec_done|5683711427700
08-05 16:55:46.956 18494 19212 I VIVA_TRACE: VIVA_TRACE|2f950842-cd6e-4c3d-92f8-279423a1e7fe|tts_start|5683956412900
08-05 16:55:53.379 18494 18494 I VIVA_TRACE: VIVA_TRACE_SUMMARY|2f950842-cd6e-4c3d-92f8-279423a1e7fe|đơn A12 thế nào|delivery_order_status|Allow|e2e_ms=0
--------- beginning of main
08-05 16:55:59.125 18494 18494 I VIVA_BENCH_INJECT: VIVA_BENCH_INJECT|08aed14e-40c7-499c-bd1b-27569440b521|injected_text|xác nhận giao thành công đơn A12
08-05 16:55:59.128 18494 18494 I VIVA_TRACE: VIVA_TRACE|08aed14e-40c7-499c-bd1b-27569440b521|nlu_done|5696128464400
08-05 16:55:59.390 18494 19385 I VIVA_TRACE: VIVA_TRACE|08aed14e-40c7-499c-bd1b-27569440b521|tts_start|5696390132100
08-05 16:56:03.176 18494 18494 I VIVA_TRACE: VIVA_TRACE_SUMMARY|08aed14e-40c7-499c-bd1b-27569440b521|xác nhận giao thành công đơn A12|delivery_confirm|Confirm:G2_CONFIRM_DELIVERY|e2e_ms=0
--------- beginning of main
08-05 16:56:08.810 18494 18494 I VIVA_BENCH_INJECT: VIVA_BENCH_INJECT|6a32c622-f35f-43e1-910a-951368ba545f|injected_text|xác nhận giao thành công đơn A12
08-05 16:56:08.811 18494 18494 I VIVA_TRACE: VIVA_TRACE|6a32c622-f35f-43e1-910a-951368ba545f|nlu_done|5705811841100
08-05 16:56:08.812 18494 18494 I VIVA_TRACE: VIVA_TRACE|6a32c622-f35f-43e1-910a-951368ba545f|exec_done|5705812244800
08-05 16:56:09.046 18494 19385 I VIVA_TRACE: VIVA_TRACE|6a32c622-f35f-43e1-910a-951368ba545f|tts_start|5706046303600
08-05 16:56:13.326 18494 18494 I VIVA_TRACE: VIVA_TRACE_SUMMARY|6a32c622-f35f-43e1-910a-951368ba545f|xác nhận giao thành công đơn A12|delivery_confirm|Allow|e2e_ms=0
--------- beginning of main
08-05 16:56:18.898 18494 18494 I VIVA_BENCH_INJECT: VIVA_BENCH_INJECT|d8a945e5-b7df-4f8b-a30f-93a581258030|injected_text|đặt bàn ăn tối
08-05 16:56:18.954 18494 18494 I VIVA_TRACE: VIVA_TRACE|d8a945e5-b7df-4f8b-a30f-93a581258030|nlu_done|5715953944700
08-05 16:56:19.182 18494 18509 I VIVA_TRACE: VIVA_TRACE|d8a945e5-b7df-4f8b-a30f-93a581258030|tts_start|5716182100000
08-05 16:56:24.536 18494 18494 I VIVA_TRACE: VIVA_TRACE_SUMMARY|d8a945e5-b7df-4f8b-a30f-93a581258030|đặt bàn ăn tối|unknown|Deny:G3_UNSUPPORTED|e2e_ms=0
--------- beginning of main
08-05 16:56:30.301 18494 18494 I VIVA_BENCH_INJECT: VIVA_BENCH_INJECT|f99b0c95-aa70-4d8e-98de-11ccb72e6ee1|injected_text|Siri ơi hạ điều hòa xuống 24 độ
08-05 16:56:30.302 18494 18494 I VIVA_TRACE: VIVA_TRACE|f99b0c95-aa70-4d8e-98de-11ccb72e6ee1|nlu_done|5727302948900
08-05 16:56:30.533 18494 19525 I VIVA_TRACE: VIVA_TRACE|f99b0c95-aa70-4d8e-98de-11ccb72e6ee1|tts_start|5727533652800
08-05 16:56:36.011 18494 18494 I VIVA_TRACE: VIVA_TRACE_SUMMARY|f99b0c95-aa70-4d8e-98de-11ccb72e6ee1|Siri ơi hạ điều hòa xuống 24 độ|clarify|Confirm:CLARIFY_SLOT|e2e_ms=0
--------- beginning of main
08-05 16:56:41.737 18494 18494 I VIVA_BENCH_INJECT: VIVA_BENCH_INJECT|05f86a40-e57c-4a38-920a-030f6e6abac5|injected_text|bật điều hòa
08-05 16:56:41.739 18494 18494 I VIVA_TRACE: VIVA_TRACE|05f86a40-e57c-4a38-920a-030f6e6abac5|nlu_done|5738739739300
08-05 16:56:41.973 18494 19212 I VIVA_TRACE: VIVA_TRACE|05f86a40-e57c-4a38-920a-030f6e6abac5|tts_start|5738973753900
08-05 16:56:48.731 18494 18494 I VIVA_TRACE: VIVA_TRACE_SUMMARY|05f86a40-e57c-4a38-920a-030f6e6abac5|bật điều hòa|clarify|Confirm:CLARIFY_SLOT|e2e_ms=0
