--------- beginning of main
08-06 15:33:02.378 19759 19759 I VIVA_BENCH_INJECT: VIVA_BENCH_INJECT|f5de5564-adcf-46eb-bef2-fc7799a60d2a|injected_text|Viva ơi hạ điều hòa xuống 24 độ
08-06 15:33:02.418 19759 19759 I VIVA_TRACE: VIVA_TRACE|f5de5564-adcf-46eb-bef2-fc7799a60d2a|nlu_done|15565418680500
08-06 15:33:02.472 19759 19759 I VIVA_TRACE: VIVA_TRACE|f5de5564-adcf-46eb-bef2-fc7799a60d2a|exec_done|15565471832600
08-06 15:33:04.354 19759 19774 I VIVA_TRACE: VIVA_TRACE|f5de5564-adcf-46eb-bef2-fc7799a60d2a|tts_start|15567353926000
08-06 15:33:06.305 19759 19759 I VIVA_TRACE: VIVA_TRACE_SUMMARY|f5de5564-adcf-46eb-bef2-fc7799a60d2a|Viva ơi hạ điều hòa xuống 24 độ|hvac_set_temp|Allow|e2e_ms=0
--------- beginning of main
08-06 15:33:12.038 19759 19759 I VIVA_BENCH_INJECT: VIVA_BENCH_INJECT|5f8c699c-ebae-4d1b-9f26-a40e753b9228|injected_text|hạ điều hòa xuống 22 độ
08-06 15:33:12.046 19759 19759 I VIVA_TRACE: VIVA_TRACE|5f8c699c-ebae-4d1b-9f26-a40e753b9228|nlu_done|15575046585800
08-06 15:33:12.047 19759 19759 I VIVA_TRACE: VIVA_TRACE|5f8c699c-ebae-4d1b-9f26-a40e753b9228|exec_done|15575047633100
08-06 15:33:12.340 19759 20362 I VIVA_TRACE: VIVA_TRACE|5f8c699c-ebae-4d1b-9f26-a40e753b9228|tts_start|15575340026700
08-06 15:33:15.026 19759 19759 I VIVA_TRACE: VIVA_TRACE_SUMMARY|5f8c699c-ebae-4d1b-9f26-a40e753b9228|hạ điều hòa xuống 22 độ|hvac_set_temp|Allow|e2e_ms=0
--------- beginning of main
08-06 15:33:20.876 19759 19759 I VIVA_BENCH_INJECT: VIVA_BENCH_INJECT|4f4714f9-5bb6-45cf-93b1-0d9a9a336897|injected_text|đặt nhiệt độ 26 độ
08-06 15:33:20.882 19759 19759 I VIVA_TRACE: VIVA_TRACE|4f4714f9-5bb6-45cf-93b1-0d9a9a336897|nlu_done|15583882765200
08-06 15:33:20.883 19759 19759 I VIVA_TRACE: VIVA_TRACE|4f4714f9-5bb6-45cf-93b1-0d9a9a336897|exec_done|15583883458800
08-06 15:33:21.307 19759 19772 I VIVA_TRACE: VIVA_TRACE|4f4714f9-5bb6-45cf-93b1-0d9a9a336897|tts_start|15584307447700
08-06 15:33:23.874 19759 19759 I VIVA_TRACE: VIVA_TRACE_SUMMARY|4f4714f9-5bb6-45cf-93b1-0d9a9a336897|đặt nhiệt độ 26 độ|hvac_set_temp|Allow|e2e_ms=0
--------- beginning of main
08-06 15:33:29.766 19759 19759 I VIVA_BENCH_INJECT: VIVA_BENCH_INJECT|0d5cfc8e-ff8e-44db-8638-15865974ce57|injected_text|đặt nhiệt độ 40 độ
08-06 15:33:29.826 19759 19759 I VIVA_TRACE: VIVA_TRACE|0d5cfc8e-ff8e-44db-8638-15865974ce57|nlu_done|15592826117300
08-06 15:33:30.191 19759 20443 I VIVA_TRACE: VIVA_TRACE|0d5cfc8e-ff8e-44db-8638-15865974ce57|tts_start|15593191220800
08-06 15:33:34.338 19759 19759 I VIVA_TRACE: VIVA_TRACE_SUMMARY|0d5cfc8e-ff8e-44db-8638-15865974ce57|đặt nhiệt độ 40 độ|clarify|Confirm:CLARIFY_SLOT|e2e_ms=0
--------- beginning of main
08-06 15:33:39.978 19759 19759 I VIVA_BENCH_INJECT: VIVA_BENCH_INJECT|b203a94d-8053-4b9e-8533-9f7697aa9896|injected_text|quạt mức 2
08-06 15:33:39.983 19759 19759 I VIVA_TRACE: VIVA_TRACE|b203a94d-8053-4b9e-8533-9f7697aa9896|nlu_done|15602983421000
08-06 15:33:39.984 19759 19759 I VIVA_TRACE: VIVA_TRACE|b203a94d-8053-4b9e-8533-9f7697aa9896|exec_done|15602984028200
08-06 15:33:40.237 19759 20443 I VIVA_TRACE: VIVA_TRACE|b203a94d-8053-4b9e-8533-9f7697aa9896|tts_start|15603237181400
08-06 15:33:48.654 19759 19759 I VIVA_TRACE: VIVA_TRACE_SUMMARY|b203a94d-8053-4b9e-8533-9f7697aa9896|quạt mức 2|hvac_set_fan|Allow|e2e_ms=0
--------- beginning of main
08-06 15:33:54.344 19759 19759 I VIVA_BENCH_INJECT: VIVA_BENCH_INJECT|fb5be556-8ac1-447d-a8b4-0b346c69e92b|injected_text|quạt mạnh lên
08-06 15:33:54.367 19759 19759 I VIVA_TRACE: VIVA_TRACE|fb5be556-8ac1-447d-a8b4-0b346c69e92b|nlu_done|15617366947500
08-06 15:33:54.770 19759 20399 I VIVA_TRACE: VIVA_TRACE|fb5be556-8ac1-447d-a8b4-0b346c69e92b|tts_start|15617770259300
08-06 15:33:58.136 19759 19759 I VIVA_TRACE: VIVA_TRACE_SUMMARY|fb5be556-8ac1-447d-a8b4-0b346c69e92b|quạt mạnh lên|clarify|Confirm:CLARIFY_SLOT|e2e_ms=0
--------- beginning of main
08-06 15:34:04.060 19759 19759 I VIVA_BENCH_INJECT: VIVA_BENCH_INJECT|0b775bad-dafb-40b1-ae75-8ebb6f5fb8ec|injected_text|quạt mức 3
08-06 15:34:04.067 19759 19759 I VIVA_TRACE: VIVA_TRACE|0b775bad-dafb-40b1-ae75-8ebb6f5fb8ec|nlu_done|15627067202000
08-06 15:34:04.068 19759 19759 I VIVA_TRACE: VIVA_TRACE|0b775bad-dafb-40b1-ae75-8ebb6f5fb8ec|exec_done|15627067971900
08-06 15:34:04.407 19759 19774 I VIVA_TRACE: VIVA_TRACE|0b775bad-dafb-40b1-ae75-8ebb6f5fb8ec|tts_start|15627407854200
08-06 15:34:06.024 19759 19759 I VIVA_TRACE: VIVA_TRACE_SUMMARY|0b775bad-dafb-40b1-ae75-8ebb6f5fb8ec|quạt mức 3|hvac_set_fan|Allow|e2e_ms=0
--------- beginning of main
08-06 15:34:11.989 19759 19759 I VIVA_BENCH_INJECT: VIVA_BENCH_INJECT|6d2e6606-d90e-4ab9-a1b6-3d36273182d8|injected_text|khóa cửa
08-06 15:34:11.993 19759 19759 I VIVA_TRACE: VIVA_TRACE|6d2e6606-d90e-4ab9-a1b6-3d36273182d8|nlu_done|15634993521500
08-06 15:34:11.996 19759 19759 I VIVA_TRACE: VIVA_TRACE|6d2e6606-d90e-4ab9-a1b6-3d36273182d8|exec_done|15634996068800
08-06 15:34:12.235 19759 19772 I VIVA_TRACE: VIVA_TRACE|6d2e6606-d90e-4ab9-a1b6-3d36273182d8|tts_start|15635235316200
08-06 15:34:13.963 19759 19759 I VIVA_TRACE: VIVA_TRACE_SUMMARY|6d2e6606-d90e-4ab9-a1b6-3d36273182d8|khóa cửa|door_lock|Allow|e2e_ms=0
--------- beginning of main
08-06 15:34:20.596 19759 19759 I VIVA_BENCH_INJECT: VIVA_BENCH_INJECT|b6be0200-2b33-4313-90d0-4b4fa4a7128f|injected_text|mở cửa
08-06 15:34:20.600 19759 19759 I VIVA_TRACE: VIVA_TRACE|b6be0200-2b33-4313-90d0-4b4fa4a7128f|nlu_done|15643600638600
08-06 15:34:20.894 19759 20400 I VIVA_TRACE: VIVA_TRACE|b6be0200-2b33-4313-90d0-4b4fa4a7128f|tts_start|15643893464600
08-06 15:34:25.654 19759 19759 I VIVA_TRACE: VIVA_TRACE_SUMMARY|b6be0200-2b33-4313-90d0-4b4fa4a7128f|mở cửa|door_lock|Confirm:G2_CONFIRM_DOOR|e2e_ms=0
--------- beginning of main
08-06 15:34:31.927 19759 19759 I VIVA_BENCH_INJECT: VIVA_BENCH_INJECT|d6d0ab65-d2fe-4a82-9b7f-ad38d298c796|injected_text|mở cửa
08-06 15:34:31.933 19759 19759 I VIVA_TRACE: VIVA_TRACE|d6d0ab65-d2fe-4a82-9b7f-ad38d298c796|nlu_done|15654933343500
08-06 15:34:32.217 19759 20858 I VIVA_TRACE: VIVA_TRACE|d6d0ab65-d2fe-4a82-9b7f-ad38d298c796|tts_start|15655217608800
08-06 15:34:34.782 19759 19759 I VIVA_TRACE: VIVA_TRACE_SUMMARY|d6d0ab65-d2fe-4a82-9b7f-ad38d298c796|mở cửa|door_lock|Deny:G1_SPEED_LOCK|e2e_ms=0
--------- beginning of main
08-06 15:34:40.752 19759 19759 I VIVA_BENCH_INJECT: VIVA_BENCH_INJECT|32753352-5aae-496d-a270-e4ad2af50ba9|injected_text|tăng âm lượng
08-06 15:34:40.759 19759 19759 I VIVA_TRACE: VIVA_TRACE|32753352-5aae-496d-a270-e4ad2af50ba9|nlu_done|15663759050500
08-06 15:34:41.011 19759 20399 I VIVA_TRACE: VIVA_TRACE|32753352-5aae-496d-a270-e4ad2af50ba9|tts_start|15664011661600
08-06 15:34:44.716 19759 19759 I VIVA_TRACE: VIVA_TRACE_SUMMARY|32753352-5aae-496d-a270-e4ad2af50ba9|tăng âm lượng|volume_adjust|Error:exec_done|e2e_ms=0
--------- beginning of main
08-06 15:34:50.528 19759 19759 I VIVA_BENCH_INJECT: VIVA_BENCH_INJECT|df0bf05b-c921-416c-bb5e-71260eeaf671|injected_text|giảm âm lượng
08-06 15:34:50.535 19759 19759 I VIVA_TRACE: VIVA_TRACE|df0bf05b-c921-416c-bb5e-71260eeaf671|nlu_done|15673535310700
08-06 15:34:50.893 19759 19774 I VIVA_TRACE: VIVA_TRACE|df0bf05b-c921-416c-bb5e-71260eeaf671|tts_start|15673893160300
08-06 15:34:54.676 19759 19759 I VIVA_TRACE: VIVA_TRACE_SUMMARY|df0bf05b-c921-416c-bb5e-71260eeaf671|giảm âm lượng|volume_adjust|Error:exec_done|e2e_ms=0
--------- beginning of main
08-06 15:35:00.365 19759 19759 I VIVA_BENCH_INJECT: VIVA_BENCH_INJECT|83eeb20f-ba7b-4650-ac36-e75883d6cd63|injected_text|phát nhạc
08-06 15:35:00.378 19759 19759 I VIVA_TRACE: VIVA_TRACE|83eeb20f-ba7b-4650-ac36-e75883d6cd63|nlu_done|15683378815900
08-06 15:35:00.746 19759 20399 I VIVA_TRACE: VIVA_TRACE|83eeb20f-ba7b-4650-ac36-e75883d6cd63|tts_start|15683746805200
08-06 15:35:06.740 19759 19759 I VIVA_TRACE: VIVA_TRACE_SUMMARY|83eeb20f-ba7b-4650-ac36-e75883d6cd63|phát nhạc|media_play|Error:exec_done|e2e_ms=0
--------- beginning of main
08-06 15:35:12.467 19759 19759 I VIVA_BENCH_INJECT: VIVA_BENCH_INJECT|327cf670-5360-4a46-b47a-9da3cd5ad026|injected_text|chuyển bài
08-06 15:35:12.472 19759 19759 I VIVA_TRACE: VIVA_TRACE|327cf670-5360-4a46-b47a-9da3cd5ad026|nlu_done|15695472055600
08-06 15:35:12.735 19759 20399 I VIVA_TRACE: VIVA_TRACE|327cf670-5360-4a46-b47a-9da3cd5ad026|tts_start|15695735396000
08-06 15:35:17.508 19759 19759 I VIVA_TRACE: VIVA_TRACE_SUMMARY|327cf670-5360-4a46-b47a-9da3cd5ad026|chuyển bài|media_next|Error:exec_done|e2e_ms=0
--------- beginning of main
08-06 15:35:23.065 19759 19759 I VIVA_BENCH_INJECT: VIVA_BENCH_INJECT|15a684c8-e9ff-4249-8bb7-50fdfc513217|injected_text|dừng nhạc
08-06 15:35:23.071 19759 19759 I VIVA_TRACE: VIVA_TRACE|15a684c8-e9ff-4249-8bb7-50fdfc513217|nlu_done|15706071262200
08-06 15:35:23.355 19759 20362 I VIVA_TRACE: VIVA_TRACE|15a684c8-e9ff-4249-8bb7-50fdfc513217|tts_start|15706355189100
08-06 15:35:29.276 19759 19759 I VIVA_TRACE: VIVA_TRACE_SUMMARY|15a684c8-e9ff-4249-8bb7-50fdfc513217|dừng nhạc|media_pause|Error:exec_done|e2e_ms=0
--------- beginning of main
08-06 15:35:35.088 19759 19759 I VIVA_BENCH_INJECT: VIVA_BENCH_INJECT|cb72b933-b075-45dc-a498-b3db901843be|injected_text|chặng tiếp theo là gì
08-06 15:35:35.095 19759 19759 I VIVA_TRACE: VIVA_TRACE|cb72b933-b075-45dc-a498-b3db901843be|nlu_done|15718095812800
08-06 15:35:35.096 19759 19759 I VIVA_TRACE: VIVA_TRACE|cb72b933-b075-45dc-a498-b3db901843be|exec_done|15718096326200
08-06 15:35:35.409 19759 19774 I VIVA_TRACE: VIVA_TRACE|cb72b933-b075-45dc-a498-b3db901843be|tts_start|15718409444200
08-06 15:35:45.348 19759 19759 I VIVA_TRACE: VIVA_TRACE_SUMMARY|cb72b933-b075-45dc-a498-b3db901843be|chặng tiếp theo là gì|delivery_next_stop|Allow|e2e_ms=0
--------- beginning of main
08-06 15:35:51.271 19759 19759 I VIVA_BENCH_INJECT: VIVA_BENCH_INJECT|bf9330a9-71c4-43f6-87d7-14eb19cce1a8|injected_text|đơn A12 thế nào
08-06 15:35:51.283 19759 19759 I VIVA_TRACE: VIVA_TRACE|bf9330a9-71c4-43f6-87d7-14eb19cce1a8|nlu_done|15734283311800
08-06 15:35:51.286 19759 19759 I VIVA_TRACE: VIVA_TRACE|bf9330a9-71c4-43f6-87d7-14eb19cce1a8|exec_done|15734286387100
08-06 15:35:51.639 19759 20400 I VIVA_TRACE: VIVA_TRACE|bf9330a9-71c4-43f6-87d7-14eb19cce1a8|tts_start|15734639015700
08-06 15:35:58.113 19759 19759 I VIVA_TRACE: VIVA_TRACE_SUMMARY|bf9330a9-71c4-43f6-87d7-14eb19cce1a8|đơn A12 thế nào|delivery_order_status|Allow|e2e_ms=0
--------- beginning of main
08-06 15:36:03.812 19759 19759 I VIVA_BENCH_INJECT: VIVA_BENCH_INJECT|1b94a9fb-18cb-4a56-8b9a-347546709f29|injected_text|xác nhận giao thành công đơn A12
08-06 15:36:03.822 19759 19759 I VIVA_TRACE: VIVA_TRACE|1b94a9fb-18cb-4a56-8b9a-347546709f29|nlu_done|15746822077400
08-06 15:36:04.078 19759 19772 I VIVA_TRACE: VIVA_TRACE|1b94a9fb-18cb-4a56-8b9a-347546709f29|tts_start|15747077977800
08-06 15:36:07.873 19759 19759 I VIVA_TRACE: VIVA_TRACE_SUMMARY|1b94a9fb-18cb-4a56-8b9a-347546709f29|xác nhận giao thành công đơn A12|delivery_confirm|Confirm:G2_CONFIRM_DELIVERY|e2e_ms=0
--------- beginning of main
08-06 15:36:13.535 19759 19759 I VIVA_BENCH_INJECT: VIVA_BENCH_INJECT|50bbb130-cb21-40ad-aa1b-aa390aeb4415|injected_text|xác nhận giao thành công đơn A12
08-06 15:36:13.541 19759 19759 I VIVA_TRACE: VIVA_TRACE|50bbb130-cb21-40ad-aa1b-aa390aeb4415|nlu_done|15756541508200
08-06 15:36:13.542 19759 19759 I VIVA_TRACE: VIVA_TRACE|50bbb130-cb21-40ad-aa1b-aa390aeb4415|exec_done|15756542487000
08-06 15:36:13.788 19759 20361 I VIVA_TRACE: VIVA_TRACE|50bbb130-cb21-40ad-aa1b-aa390aeb4415|tts_start|15756788460400
08-06 15:36:18.071 19759 19759 I VIVA_TRACE: VIVA_TRACE_SUMMARY|50bbb130-cb21-40ad-aa1b-aa390aeb4415|xác nhận giao thành công đơn A12|delivery_confirm|Allow|e2e_ms=0
--------- beginning of main
08-06 15:36:23.693 19759 19759 I VIVA_BENCH_INJECT: VIVA_BENCH_INJECT|ba773c2f-ec2b-4a3d-8881-850f87703cc9|injected_text|đặt bàn ăn tối
08-06 15:36:23.769 19759 19759 I VIVA_TRACE: VIVA_TRACE|ba773c2f-ec2b-4a3d-8881-850f87703cc9|nlu_done|15766769873100
08-06 15:36:24.040 19759 20400 I VIVA_TRACE: VIVA_TRACE|ba773c2f-ec2b-4a3d-8881-850f87703cc9|tts_start|15767040075200
08-06 15:36:29.449 19759 19759 I VIVA_TRACE: VIVA_TRACE_SUMMARY|ba773c2f-ec2b-4a3d-8881-850f87703cc9|đặt bàn ăn tối|unknown|Deny:G3_UNSUPPORTED|e2e_ms=0
--------- beginning of main
08-06 15:36:35.205 19759 19759 I VIVA_BENCH_INJECT: VIVA_BENCH_INJECT|e68bfe12-3a0d-447d-adbb-2cf29e056917|injected_text|Siri ơi hạ điều hòa xuống 24 độ
08-06 15:36:35.210 19759 19759 I VIVA_TRACE: VIVA_TRACE|e68bfe12-3a0d-447d-adbb-2cf29e056917|nlu_done|15778210277900
08-06 15:36:35.505 19759 20400 I VIVA_TRACE: VIVA_TRACE|e68bfe12-3a0d-447d-adbb-2cf29e056917|tts_start|15778505109700
08-06 15:36:40.982 19759 19759 I VIVA_TRACE: VIVA_TRACE_SUMMARY|e68bfe12-3a0d-447d-adbb-2cf29e056917|Siri ơi hạ điều hòa xuống 24 độ|clarify|Confirm:CLARIFY_SLOT|e2e_ms=0
--------- beginning of main
08-06 15:36:46.907 19759 19759 I VIVA_BENCH_INJECT: VIVA_BENCH_INJECT|e7b5c18c-5368-436e-8900-73a5f8f6bc1e|injected_text|bật điều hòa
08-06 15:36:46.911 19759 19759 I VIVA_TRACE: VIVA_TRACE|e7b5c18c-5368-436e-8900-73a5f8f6bc1e|nlu_done|15789911187900
08-06 15:36:47.242 19759 21552 I VIVA_TRACE: VIVA_TRACE|e7b5c18c-5368-436e-8900-73a5f8f6bc1e|tts_start|15790242021200
08-06 15:36:54.036 19759 19759 I VIVA_TRACE: VIVA_TRACE_SUMMARY|e7b5c18c-5368-436e-8900-73a5f8f6bc1e|bật điều hòa|clarify|Confirm:CLARIFY_SLOT|e2e_ms=0
