--------- beginning of main
08-05 23:38:53.227 12177 12177 I VIVA_BENCH_INJECT: VIVA_BENCH_INJECT|84175373-ec4e-469d-b86c-5506c1127786|injected_text|Viva ơi hạ điều hòa xuống 24 độ
08-05 23:38:53.280 12177 12177 I VIVA_TRACE: VIVA_TRACE|84175373-ec4e-469d-b86c-5506c1127786|nlu_done|865280095582
08-05 23:38:53.291 12177 12177 I VIVA_TRACE: VIVA_TRACE|84175373-ec4e-469d-b86c-5506c1127786|exec_done|865291250425
08-05 23:38:54.599 12177 12194 I VIVA_TRACE: VIVA_TRACE|84175373-ec4e-469d-b86c-5506c1127786|tts_start|866599394667
08-05 23:38:57.444 12177 12177 I VIVA_TRACE: VIVA_TRACE_SUMMARY|84175373-ec4e-469d-b86c-5506c1127786|Viva ơi hạ điều hòa xuống 24 độ|hvac_set_temp|Allow|e2e_ms=0
--------- beginning of main
08-05 23:39:03.618 12177 12177 I VIVA_BENCH_INJECT: VIVA_BENCH_INJECT|8100a2d2-3939-4f99-b310-4d7136b23b21|injected_text|hạ điều hòa xuống 22 độ
08-05 23:39:03.625 12177 12177 I VIVA_TRACE: VIVA_TRACE|8100a2d2-3939-4f99-b310-4d7136b23b21|nlu_done|875625625804
08-05 23:39:03.626 12177 12177 I VIVA_TRACE: VIVA_TRACE|8100a2d2-3939-4f99-b310-4d7136b23b21|exec_done|875626851692
08-05 23:39:04.215 12177 12770 I VIVA_TRACE: VIVA_TRACE|8100a2d2-3939-4f99-b310-4d7136b23b21|tts_start|876215669095
08-05 23:39:07.043 12177 12177 I VIVA_TRACE: VIVA_TRACE_SUMMARY|8100a2d2-3939-4f99-b310-4d7136b23b21|hạ điều hòa xuống 22 độ|hvac_set_temp|Allow|e2e_ms=0
--------- beginning of main
08-05 23:39:12.863 12177 12177 I VIVA_BENCH_INJECT: VIVA_BENCH_INJECT|abd3f823-b5ce-443f-9643-6c363cfa8b0e|injected_text|đặt nhiệt độ 26 độ
08-05 23:39:12.875 12177 12177 I VIVA_TRACE: VIVA_TRACE|abd3f823-b5ce-443f-9643-6c363cfa8b0e|nlu_done|884875067470
08-05 23:39:12.876 12177 12177 I VIVA_TRACE: VIVA_TRACE|abd3f823-b5ce-443f-9643-6c363cfa8b0e|exec_done|884876135931
08-05 23:39:13.289 12177 12757 I VIVA_TRACE: VIVA_TRACE|abd3f823-b5ce-443f-9643-6c363cfa8b0e|tts_start|885289767237
08-05 23:39:16.139 12177 12177 I VIVA_TRACE: VIVA_TRACE_SUMMARY|abd3f823-b5ce-443f-9643-6c363cfa8b0e|đặt nhiệt độ 26 độ|hvac_set_temp|Allow|e2e_ms=0
--------- beginning of main
08-05 23:39:22.097 12177 12177 I VIVA_BENCH_INJECT: VIVA_BENCH_INJECT|e545d6a1-9ab7-4873-8677-8fbec1aadee8|injected_text|đặt nhiệt độ 40 độ
08-05 23:39:22.162 12177 12177 I VIVA_TRACE: VIVA_TRACE|e545d6a1-9ab7-4873-8677-8fbec1aadee8|nlu_done|894162047022
08-05 23:39:22.563 12177 12880 I VIVA_TRACE: VIVA_TRACE|e545d6a1-9ab7-4873-8677-8fbec1aadee8|tts_start|894563814685
08-05 23:39:27.951 12177 12177 I VIVA_TRACE: VIVA_TRACE_SUMMARY|e545d6a1-9ab7-4873-8677-8fbec1aadee8|đặt nhiệt độ 40 độ|clarify|Confirm:CLARIFY_SLOT|e2e_ms=0
--------- beginning of main
08-05 23:39:34.039 12177 12177 I VIVA_BENCH_INJECT: VIVA_BENCH_INJECT|4205a5a9-f297-4222-b2be-b424808330fa|injected_text|quạt mức 2
08-05 23:39:34.043 12177 12177 I VIVA_TRACE: VIVA_TRACE|4205a5a9-f297-4222-b2be-b424808330fa|nlu_done|906043478687
08-05 23:39:34.044 12177 12177 I VIVA_TRACE: VIVA_TRACE|4205a5a9-f297-4222-b2be-b424808330fa|exec_done|906044515370
08-05 23:39:34.393 12177 12837 I VIVA_TRACE: VIVA_TRACE|4205a5a9-f297-4222-b2be-b424808330fa|tts_start|906393327154
08-05 23:39:36.050 12177 12177 I VIVA_TRACE: VIVA_TRACE_SUMMARY|4205a5a9-f297-4222-b2be-b424808330fa|quạt mức 2|hvac_set_fan|Allow|e2e_ms=0
--------- beginning of main
08-05 23:39:42.221 12177 12177 I VIVA_BENCH_INJECT: VIVA_BENCH_INJECT|0d68620b-8859-4179-84ff-cd3a6451f971|injected_text|quạt mạnh lên
08-05 23:39:42.272 12177 12177 I VIVA_TRACE: VIVA_TRACE|0d68620b-8859-4179-84ff-cd3a6451f971|nlu_done|914272062064
08-05 23:39:42.880 12177 12755 I VIVA_TRACE: VIVA_TRACE|0d68620b-8859-4179-84ff-cd3a6451f971|tts_start|914879965860
08-05 23:39:46.291 12177 12177 I VIVA_TRACE: VIVA_TRACE_SUMMARY|0d68620b-8859-4179-84ff-cd3a6451f971|quạt mạnh lên|clarify|Confirm:CLARIFY_SLOT|e2e_ms=0
--------- beginning of main
08-05 23:39:52.415 12177 12177 I VIVA_BENCH_INJECT: VIVA_BENCH_INJECT|e65d10e6-ce7b-4d8a-8e0e-cd951a3539f7|injected_text|quạt mức 3
08-05 23:39:52.422 12177 12177 I VIVA_TRACE: VIVA_TRACE|e65d10e6-ce7b-4d8a-8e0e-cd951a3539f7|nlu_done|924422559407
08-05 23:39:52.425 12177 12177 I VIVA_TRACE: VIVA_TRACE|e65d10e6-ce7b-4d8a-8e0e-cd951a3539f7|exec_done|924425477381
08-05 23:39:53.117 12177 12191 I VIVA_TRACE: VIVA_TRACE|e65d10e6-ce7b-4d8a-8e0e-cd951a3539f7|tts_start|925117144673
08-05 23:39:54.799 12177 12177 I VIVA_TRACE: VIVA_TRACE_SUMMARY|e65d10e6-ce7b-4d8a-8e0e-cd951a3539f7|quạt mức 3|hvac_set_fan|Allow|e2e_ms=0
--------- beginning of main
08-05 23:40:00.599 12177 12177 I VIVA_BENCH_INJECT: VIVA_BENCH_INJECT|f7a6b473-e5b1-46c1-8605-6112974c64a9|injected_text|khóa cửa
08-05 23:40:00.607 12177 12177 I VIVA_TRACE: VIVA_TRACE|f7a6b473-e5b1-46c1-8605-6112974c64a9|nlu_done|932607653854
08-05 23:40:00.608 12177 12177 I VIVA_TRACE: VIVA_TRACE|f7a6b473-e5b1-46c1-8605-6112974c64a9|exec_done|932608581541
08-05 23:40:01.079 12177 12837 I VIVA_TRACE: VIVA_TRACE|f7a6b473-e5b1-46c1-8605-6112974c64a9|tts_start|933079687641
08-05 23:40:02.802 12177 12177 I VIVA_TRACE: VIVA_TRACE_SUMMARY|f7a6b473-e5b1-46c1-8605-6112974c64a9|khóa cửa|door_lock|Allow|e2e_ms=0
--------- beginning of main
08-05 23:40:09.558 12177 12177 I VIVA_BENCH_INJECT: VIVA_BENCH_INJECT|e6d9a9f6-1eff-41b1-99d2-b93849147c43|injected_text|mở cửa
08-05 23:40:09.565 12177 12177 I VIVA_TRACE: VIVA_TRACE|e6d9a9f6-1eff-41b1-99d2-b93849147c43|nlu_done|941564912452
08-05 23:40:10.423 12177 12755 I VIVA_TRACE: VIVA_TRACE|e6d9a9f6-1eff-41b1-99d2-b93849147c43|tts_start|942423467529
08-05 23:40:15.172 12177 12177 I VIVA_TRACE: VIVA_TRACE_SUMMARY|e6d9a9f6-1eff-41b1-99d2-b93849147c43|mở cửa|door_lock|Confirm:G2_CONFIRM_DOOR|e2e_ms=0
--------- beginning of main
08-05 23:40:21.540 12177 12177 I VIVA_BENCH_INJECT: VIVA_BENCH_INJECT|1a0be899-437c-4c9f-ad06-575accff54b2|injected_text|mở cửa
08-05 23:40:21.549 12177 12177 I VIVA_TRACE: VIVA_TRACE|1a0be899-437c-4c9f-ad06-575accff54b2|nlu_done|953549045213
08-05 23:40:22.114 12177 12979 I VIVA_TRACE: VIVA_TRACE|1a0be899-437c-4c9f-ad06-575accff54b2|tts_start|954114463558
08-05 23:40:24.684 12177 12177 I VIVA_TRACE: VIVA_TRACE_SUMMARY|1a0be899-437c-4c9f-ad06-575accff54b2|mở cửa|door_lock|Deny:G1_SPEED_LOCK|e2e_ms=0
--------- beginning of main
08-05 23:40:30.309 12177 12177 I VIVA_BENCH_INJECT: VIVA_BENCH_INJECT|5477cfc2-f85f-43c6-b2b5-69754115db11|injected_text|tăng âm lượng
08-05 23:40:30.315 12177 12177 I VIVA_TRACE: VIVA_TRACE|5477cfc2-f85f-43c6-b2b5-69754115db11|nlu_done|962315083457
08-05 23:40:31.057 12177 12770 I VIVA_TRACE: VIVA_TRACE|5477cfc2-f85f-43c6-b2b5-69754115db11|tts_start|963057375966
08-05 23:40:34.810 12177 12177 I VIVA_TRACE: VIVA_TRACE_SUMMARY|5477cfc2-f85f-43c6-b2b5-69754115db11|tăng âm lượng|volume_adjust|Error:exec_done|e2e_ms=0
--------- beginning of main
08-05 23:40:40.530 12177 12177 I VIVA_BENCH_INJECT: VIVA_BENCH_INJECT|53e8c604-6e80-4626-a722-d69abeab891a|injected_text|giảm âm lượng
08-05 23:40:40.538 12177 12177 I VIVA_TRACE: VIVA_TRACE|53e8c604-6e80-4626-a722-d69abeab891a|nlu_done|972538500299
08-05 23:40:41.007 12177 12194 I VIVA_TRACE: VIVA_TRACE|53e8c604-6e80-4626-a722-d69abeab891a|tts_start|973007540336
08-05 23:40:44.748 12177 12177 I VIVA_TRACE: VIVA_TRACE_SUMMARY|53e8c604-6e80-4626-a722-d69abeab891a|giảm âm lượng|volume_adjust|Error:exec_done|e2e_ms=0
--------- beginning of main
08-05 23:40:50.461 12177 12177 I VIVA_BENCH_INJECT: VIVA_BENCH_INJECT|6f00c34e-7c21-414b-9dfc-3b0b62a81e36|injected_text|phát nhạc
08-05 23:40:50.471 12177 12177 I VIVA_TRACE: VIVA_TRACE|6f00c34e-7c21-414b-9dfc-3b0b62a81e36|nlu_done|982471828522
08-05 23:40:51.050 12177 12770 I VIVA_TRACE: VIVA_TRACE|6f00c34e-7c21-414b-9dfc-3b0b62a81e36|tts_start|983050378214
08-05 23:40:57.043 12177 12177 I VIVA_TRACE: VIVA_TRACE_SUMMARY|6f00c34e-7c21-414b-9dfc-3b0b62a81e36|phát nhạc|media_play|Error:exec_done|e2e_ms=0
--------- beginning of main
08-05 23:41:03.002 12177 12177 I VIVA_BENCH_INJECT: VIVA_BENCH_INJECT|a0f643b9-b05d-492d-ae58-5a10cb9905a7|injected_text|chuyển bài
08-05 23:41:03.013 12177 12177 I VIVA_TRACE: VIVA_TRACE|a0f643b9-b05d-492d-ae58-5a10cb9905a7|nlu_done|995013850949
08-05 23:41:03.487 12177 12757 I VIVA_TRACE: VIVA_TRACE|a0f643b9-b05d-492d-ae58-5a10cb9905a7|tts_start|995487711195
08-05 23:41:08.294 12177 12177 I VIVA_TRACE: VIVA_TRACE_SUMMARY|a0f643b9-b05d-492d-ae58-5a10cb9905a7|chuyển bài|media_next|Error:exec_done|e2e_ms=0
--------- beginning of main
08-05 23:41:14.187 12177 12177 I VIVA_BENCH_INJECT: VIVA_BENCH_INJECT|9e1be025-fe96-4de6-82fd-8f136c2e5f7f|injected_text|dừng nhạc
08-05 23:41:14.195 12177 12177 I VIVA_TRACE: VIVA_TRACE|9e1be025-fe96-4de6-82fd-8f136c2e5f7f|nlu_done|1006195483767
08-05 23:41:14.815 12177 12192 I VIVA_TRACE: VIVA_TRACE|9e1be025-fe96-4de6-82fd-8f136c2e5f7f|tts_start|1006815524153
08-05 23:41:20.753 12177 12177 I VIVA_TRACE: VIVA_TRACE_SUMMARY|9e1be025-fe96-4de6-82fd-8f136c2e5f7f|dừng nhạc|media_pause|Error:exec_done|e2e_ms=0
--------- beginning of main
08-05 23:41:26.713 12177 12177 I VIVA_BENCH_INJECT: VIVA_BENCH_INJECT|90c4c038-56be-456b-84a9-48fa58a11274|injected_text|chặng tiếp theo là gì
08-05 23:41:26.721 12177 12177 I VIVA_TRACE: VIVA_TRACE|90c4c038-56be-456b-84a9-48fa58a11274|nlu_done|1018721858114
08-05 23:41:26.722 12177 12177 I VIVA_TRACE: VIVA_TRACE|90c4c038-56be-456b-84a9-48fa58a11274|exec_done|1018722262638
08-05 23:41:27.199 12177 12838 I VIVA_TRACE: VIVA_TRACE|90c4c038-56be-456b-84a9-48fa58a11274|tts_start|1019199809766
08-05 23:41:37.174 12177 12177 I VIVA_TRACE: VIVA_TRACE_SUMMARY|90c4c038-56be-456b-84a9-48fa58a11274|chặng tiếp theo là gì|delivery_next_stop|Allow|e2e_ms=0
--------- beginning of main
08-05 23:41:43.187 12177 12177 I VIVA_BENCH_INJECT: VIVA_BENCH_INJECT|377d80ca-541c-425d-bbd2-044bfdef76b6|injected_text|đơn A12 thế nào
08-05 23:41:43.201 12177 12177 I VIVA_TRACE: VIVA_TRACE|377d80ca-541c-425d-bbd2-044bfdef76b6|nlu_done|1035200917325
08-05 23:41:43.204 12177 12177 I VIVA_TRACE: VIVA_TRACE|377d80ca-541c-425d-bbd2-044bfdef76b6|exec_done|1035203886837
08-05 23:41:43.835 12177 12755 I VIVA_TRACE: VIVA_TRACE|377d80ca-541c-425d-bbd2-044bfdef76b6|tts_start|1035835525737
08-05 23:41:50.276 12177 12177 I VIVA_TRACE: VIVA_TRACE_SUMMARY|377d80ca-541c-425d-bbd2-044bfdef76b6|đơn A12 thế nào|delivery_order_status|Allow|e2e_ms=0
--------- beginning of main
08-05 23:41:56.251 12177 12177 I VIVA_BENCH_INJECT: VIVA_BENCH_INJECT|cb3c9190-57ac-420e-bf47-03cf77abadcc|injected_text|xác nhận giao thành công đơn A12
08-05 23:41:56.261 12177 12177 I VIVA_TRACE: VIVA_TRACE|cb3c9190-57ac-420e-bf47-03cf77abadcc|nlu_done|1048261347559
08-05 23:41:56.627 12177 12755 I VIVA_TRACE: VIVA_TRACE|cb3c9190-57ac-420e-bf47-03cf77abadcc|tts_start|1048627798752
08-05 23:42:00.406 12177 12177 I VIVA_TRACE: VIVA_TRACE_SUMMARY|cb3c9190-57ac-420e-bf47-03cf77abadcc|xác nhận giao thành công đơn A12|delivery_confirm|Confirm:G2_CONFIRM_DELIVERY|e2e_ms=0
--------- beginning of main
08-05 23:42:06.202 12177 12177 I VIVA_BENCH_INJECT: VIVA_BENCH_INJECT|d008b654-1a79-4831-8df4-9cdfc780e7a8|injected_text|xác nhận giao thành công đơn A12
08-05 23:42:06.215 12177 12177 I VIVA_TRACE: VIVA_TRACE|d008b654-1a79-4831-8df4-9cdfc780e7a8|nlu_done|1058215750066
08-05 23:42:06.217 12177 12177 I VIVA_TRACE: VIVA_TRACE|d008b654-1a79-4831-8df4-9cdfc780e7a8|exec_done|1058216885581
08-05 23:42:06.555 12177 12979 I VIVA_TRACE: VIVA_TRACE|d008b654-1a79-4831-8df4-9cdfc780e7a8|tts_start|1058555575676
08-05 23:42:10.830 12177 12177 I VIVA_TRACE: VIVA_TRACE_SUMMARY|d008b654-1a79-4831-8df4-9cdfc780e7a8|xác nhận giao thành công đơn A12|delivery_confirm|Allow|e2e_ms=0
--------- beginning of main
08-05 23:42:16.701 12177 12177 I VIVA_BENCH_INJECT: VIVA_BENCH_INJECT|45f6f0ef-4885-44cf-8144-fb8522910005|injected_text|đặt bàn ăn tối
08-05 23:42:16.802 12177 12177 I VIVA_TRACE: VIVA_TRACE|45f6f0ef-4885-44cf-8144-fb8522910005|nlu_done|1068802339065
08-05 23:42:17.200 12177 12837 I VIVA_TRACE: VIVA_TRACE|45f6f0ef-4885-44cf-8144-fb8522910005|tts_start|1069199844229
08-05 23:42:22.547 12177 12177 I VIVA_TRACE: VIVA_TRACE_SUMMARY|45f6f0ef-4885-44cf-8144-fb8522910005|đặt bàn ăn tối|unknown|Deny:G3_UNSUPPORTED|e2e_ms=0
--------- beginning of main
08-05 23:42:28.114 12177 12177 I VIVA_BENCH_INJECT: VIVA_BENCH_INJECT|f62a7588-ba11-4aa7-b143-691f55739289|injected_text|Siri ơi hạ điều hòa xuống 24 độ
08-05 23:42:28.118 12177 12177 I VIVA_TRACE: VIVA_TRACE|f62a7588-ba11-4aa7-b143-691f55739289|nlu_done|1080118337428
08-05 23:42:28.481 12177 12799 I VIVA_TRACE: VIVA_TRACE|f62a7588-ba11-4aa7-b143-691f55739289|tts_start|1080481564248
08-05 23:42:33.949 12177 12177 I VIVA_TRACE: VIVA_TRACE_SUMMARY|f62a7588-ba11-4aa7-b143-691f55739289|Siri ơi hạ điều hòa xuống 24 độ|clarify|Confirm:CLARIFY_SLOT|e2e_ms=0
--------- beginning of main
08-05 23:42:39.563 12177 12177 I VIVA_BENCH_INJECT: VIVA_BENCH_INJECT|5e7c8320-461b-4f41-8a61-623172f5af91|injected_text|bật điều hòa
08-05 23:42:39.567 12177 12177 I VIVA_TRACE: VIVA_TRACE|5e7c8320-461b-4f41-8a61-623172f5af91|nlu_done|1091566957683
08-05 23:42:39.942 12177 12194 I VIVA_TRACE: VIVA_TRACE|5e7c8320-461b-4f41-8a61-623172f5af91|tts_start|1091942513605
08-05 23:42:46.703 12177 12177 I VIVA_TRACE: VIVA_TRACE_SUMMARY|5e7c8320-461b-4f41-8a61-623172f5af91|bật điều hòa|clarify|Confirm:CLARIFY_SLOT|e2e_ms=0
